ranking.data_preparation - INFO - Applying USAU algorithm on the EUF-2024-mixed dataset.
ranking.games_dataset - INFO - Calculating ratings by USAU.
ranking.algos.rank_fit - INFO - 1/1000, Change: 117.1042318, Rating 1: 283.1000.
ranking.algos.rank_fit - INFO - 2/1000, Change: 71.7486154, Rating 1: 404.7300.
ranking.algos.rank_fit - INFO - 3/1000, Change: 48.7979638, Rating 1: 514.8900.
ranking.algos.rank_fit - INFO - 4/1000, Change: 36.9337890, Rating 1: 615.2100.
ranking.algos.rank_fit - INFO - 5/1000, Change: 28.4720525, Rating 1: 692.9700.
ranking.algos.rank_fit - INFO - 6/1000, Change: 22.4856936, Rating 1: 753.6800.
ranking.algos.rank_fit - INFO - 7/1000, Change: 19.3099744, Rating 1: 816.2600.
ranking.algos.rank_fit - INFO - 8/1000, Change: 15.5393376, Rating 1: 865.9900.
ranking.algos.rank_fit - INFO - 9/1000, Change: 13.2047719, Rating 1: 912.7300.
ranking.algos.rank_fit - INFO - 10/1000, Change: 10.6899358, Rating 1: 950.0400.
ranking.algos.rank_fit - INFO - 11/1000, Change: 8.7277738, Rating 1: 980.0900.
ranking.algos.rank_fit - INFO - 12/1000, Change: 7.1207235, Rating 1: 1004.5100.
ranking.algos.rank_fit - INFO - 13/1000, Change: 5.8175620, Rating 1: 1024.4200.
ranking.algos.rank_fit - INFO - 14/1000, Change: 4.7551224, Rating 1: 1040.6800.
ranking.algos.rank_fit - INFO - 15/1000, Change: 3.8880444, Rating 1: 1053.9700.
ranking.algos.rank_fit - INFO - 16/1000, Change: 3.1796851, Rating 1: 1064.8400.
ranking.algos.rank_fit - INFO - 17/1000, Change: 2.5996629, Rating 1: 1073.7300.
ranking.algos.rank_fit - INFO - 18/1000, Change: 2.2659153, Rating 1: 1082.3700.
ranking.algos.rank_fit - INFO - 19/1000, Change: 1.8589207, Rating 1: 1089.4000.
ranking.algos.rank_fit - INFO - 20/1000, Change: 1.5296532, Rating 1: 1095.1500.
ranking.algos.rank_fit - INFO - 21/1000, Change: 1.2587748, Rating 1: 1099.8700.
ranking.algos.rank_fit - INFO - 22/1000, Change: 1.0349222, Rating 1: 1103.7500.
ranking.algos.rank_fit - INFO - 23/1000, Change: 0.8519585, Rating 1: 1106.9400.
ranking.algos.rank_fit - INFO - 24/1000, Change: 0.7005672, Rating 1: 1109.5600.
ranking.algos.rank_fit - INFO - 25/1000, Change: 0.5759220, Rating 1: 1111.7100.
ranking.algos.rank_fit - INFO - 26/1000, Change: 0.4735299, Rating 1: 1113.4800.
ranking.algos.rank_fit - INFO - 27/1000, Change: 0.3899537, Rating 1: 1114.9400.
ranking.algos.rank_fit - INFO - 28/1000, Change: 0.3212389, Rating 1: 1116.1400.
ranking.algos.rank_fit - INFO - 29/1000, Change: 0.2644911, Rating 1: 1117.1300.
ranking.algos.rank_fit - INFO - 30/1000, Change: 0.2166731, Rating 1: 1117.9400.
ranking.algos.rank_fit - INFO - 31/1000, Change: 0.1792500, Rating 1: 1118.6100.
ranking.algos.rank_fit - INFO - 32/1000, Change: 0.1464392, Rating 1: 1119.1600.
ranking.algos.rank_fit - INFO - 33/1000, Change: 0.1208190, Rating 1: 1119.6100.
ranking.algos.rank_fit - INFO - 34/1000, Change: 0.0999444, Rating 1: 1119.9900.
ranking.algos.rank_fit - INFO - 35/1000, Change: 0.0820061, Rating 1: 1120.3000.
ranking.algos.rank_fit - INFO - 36/1000, Change: 0.0674537, Rating 1: 1120.5500.
ranking.algos.rank_fit - INFO - 37/1000, Change: 0.0556277, Rating 1: 1120.7600.
ranking.algos.rank_fit - INFO - 38/1000, Change: 0.0457347, Rating 1: 1120.9300.
ranking.algos.rank_fit - INFO - 39/1000, Change: 0.0370060, Rating 1: 1121.0700.
ranking.algos.rank_fit - INFO - 40/1000, Change: 0.0305959, Rating 1: 1121.1800.
ranking.algos.rank_fit - INFO - 41/1000, Change: 0.0254951, Rating 1: 1121.2800.
ranking.algos.rank_fit - INFO - 42/1000, Change: 0.0213437, Rating 1: 1121.3600.
ranking.algos.rank_fit - INFO - 43/1000, Change: 0.0173205, Rating 1: 1121.4200.
ranking.algos.rank_fit - INFO - 44/1000, Change: 0.0141421, Rating 1: 1121.4700.
ranking.algos.rank_fit - INFO - 45/1000, Change: 0.0121335, Rating 1: 1121.5200.
ranking.algos.rank_fit - INFO - 46/1000, Change: 0.0095743, Rating 1: 1121.5500.
ranking.algos.rank_fit - INFO - 47/1000, Change: 0.0086603, Rating 1: 1121.5800.
ranking.algos.rank_fit - INFO - 48/1000, Change: 0.0074536, Rating 1: 1121.6100.
ranking.algos.rank_fit - INFO - 49/1000, Change: 0.0057735, Rating 1: 1121.6300.
ranking.algos.rank_fit - INFO - 50/1000, Change: 0.0057735, Rating 1: 1121.6500.
ranking.algos.rank_fit - INFO - 51/1000, Change: 0.0033333, Rating 1: 1121.6600.
ranking.algos.rank_fit - INFO - 52/1000, Change: 0.0028868, Rating 1: 1121.6700.
ranking.algos.rank_fit - INFO - 53/1000, Change: 0.0037268, Rating 1: 1121.6800.
ranking.algos.rank_fit - INFO - 54/1000, Change: 0.0028868, Rating 1: 1121.6900.
ranking.algos.rank_fit - INFO - 55/1000, Change: 0.0016667, Rating 1: 1121.6900.
ranking.algos.rank_fit - INFO - 56/1000, Change: 0.0023570, Rating 1: 1121.7000.
ranking.algos.rank_fit - INFO - 57/1000, Change: 0.0023570, Rating 1: 1121.7000.
ranking.algos.rank_fit - INFO - 58/1000, Change: 0.0000000, Rating 1: 1121.7000.
ranking.data_preparation - INFO - RMSE: 359.93, Max Sum Resid: 0.22
ranking.data_preparation - INFO - Applying Windmill algorithm on the EUF-2024-mixed dataset.
ranking.games_dataset - INFO - Calculating ratings by Windmill.
ranking.data_preparation - INFO - RMSE: 4.57, Max Sum Resid: 0.14
ranking.data_preparation - INFO - Applying Sigmoid algorithm on the EUF-2024-mixed dataset.
ranking.games_dataset - INFO - Calculating ratings by Sigmoid.
ranking.data_preparation - INFO - RMSE: 4.54, Max Sum Resid: 8.82
ranking.data_preparation - INFO - Output files saved to output/2024.
ranking.data_preparation - INFO - Applying USAU algorithm on the EUF-2024-open dataset.
ranking.games_dataset - INFO - Calculating ratings by USAU.
ranking.algos.rank_fit - INFO - 1/1000, Change: 130.8811465, Rating 1: 268.8500.
ranking.algos.rank_fit - INFO - 2/1000, Change: 73.6765414, Rating 1: 418.2100.
ranking.algos.rank_fit - INFO - 3/1000, Change: 49.4766294, Rating 1: 507.0400.
ranking.algos.rank_fit - INFO - 4/1000, Change: 39.4030326, Rating 1: 579.6900.
ranking.algos.rank_fit - INFO - 5/1000, Change: 33.2853933, Rating 1: 630.2700.
ranking.algos.rank_fit - INFO - 6/1000, Change: 29.7259768, Rating 1: 667.8800.
ranking.algos.rank_fit - INFO - 7/1000, Change: 24.6581866, Rating 1: 701.9700.
ranking.algos.rank_fit - INFO - 8/1000, Change: 23.3736876, Rating 1: 728.5300.
ranking.algos.rank_fit - INFO - 9/1000, Change: 20.1264716, Rating 1: 750.0900.
ranking.algos.rank_fit - INFO - 10/1000, Change: 17.3630442, Rating 1: 768.0800.
ranking.algos.rank_fit - INFO - 11/1000, Change: 15.1103338, Rating 1: 785.8000.
ranking.algos.rank_fit - INFO - 12/1000, Change: 13.1664840, Rating 1: 800.9900.
ranking.algos.rank_fit - INFO - 13/1000, Change: 11.5487009, Rating 1: 814.1600.
ranking.algos.rank_fit - INFO - 14/1000, Change: 10.1646588, Rating 1: 825.7800.
ranking.algos.rank_fit - INFO - 15/1000, Change: 8.9277041, Rating 1: 836.1100.
ranking.algos.rank_fit - INFO - 16/1000, Change: 7.8543306, Rating 1: 845.2700.
ranking.algos.rank_fit - INFO - 17/1000, Change: 6.9171038, Rating 1: 853.3900.
ranking.algos.rank_fit - INFO - 18/1000, Change: 7.4726345, Rating 1: 860.5800.
ranking.algos.rank_fit - INFO - 19/1000, Change: 6.0778966, Rating 1: 866.9600.
ranking.algos.rank_fit - INFO - 20/1000, Change: 5.1969407, Rating 1: 872.6000.
ranking.algos.rank_fit - INFO - 21/1000, Change: 4.5080202, Rating 1: 877.6000.
ranking.algos.rank_fit - INFO - 22/1000, Change: 3.9335654, Rating 1: 882.0300.
ranking.algos.rank_fit - INFO - 23/1000, Change: 3.4415333, Rating 1: 885.9600.
ranking.algos.rank_fit - INFO - 24/1000, Change: 3.0196462, Rating 1: 889.4400.
ranking.algos.rank_fit - INFO - 25/1000, Change: 3.4065235, Rating 1: 892.5200.
ranking.algos.rank_fit - INFO - 26/1000, Change: 2.1933291, Rating 1: 895.2400.
ranking.algos.rank_fit - INFO - 27/1000, Change: 1.8541016, Rating 1: 897.6500.
ranking.algos.rank_fit - INFO - 28/1000, Change: 1.6376939, Rating 1: 899.7800.
ranking.algos.rank_fit - INFO - 29/1000, Change: 1.4568652, Rating 1: 901.6700.
ranking.algos.rank_fit - INFO - 30/1000, Change: 1.2961481, Rating 1: 903.3400.
ranking.algos.rank_fit - INFO - 31/1000, Change: 1.1532732, Rating 1: 904.8100.
ranking.algos.rank_fit - INFO - 32/1000, Change: 1.0260176, Rating 1: 906.1100.
ranking.algos.rank_fit - INFO - 33/1000, Change: 0.9107769, Rating 1: 907.2600.
ranking.algos.rank_fit - INFO - 34/1000, Change: 0.8097124, Rating 1: 908.2800.
ranking.algos.rank_fit - INFO - 35/1000, Change: 0.7182805, Rating 1: 909.1800.
ranking.algos.rank_fit - INFO - 36/1000, Change: 0.6379827, Rating 1: 909.9700.
ranking.algos.rank_fit - INFO - 37/1000, Change: 0.5653490, Rating 1: 910.6700.
ranking.algos.rank_fit - INFO - 38/1000, Change: 0.5002219, Rating 1: 911.2900.
ranking.algos.rank_fit - INFO - 39/1000, Change: 0.4444509, Rating 1: 911.8400.
ranking.algos.rank_fit - INFO - 40/1000, Change: 0.3945235, Rating 1: 912.3300.
ranking.algos.rank_fit - INFO - 41/1000, Change: 0.3494805, Rating 1: 912.7600.
ranking.algos.rank_fit - INFO - 42/1000, Change: 0.3098741, Rating 1: 913.1400.
ranking.algos.rank_fit - INFO - 43/1000, Change: 0.2734781, Rating 1: 913.4700.
ranking.algos.rank_fit - INFO - 44/1000, Change: 0.2434458, Rating 1: 913.7700.
ranking.algos.rank_fit - INFO - 45/1000, Change: 0.2153273, Rating 1: 914.0300.
ranking.algos.rank_fit - INFO - 46/1000, Change: 0.1904936, Rating 1: 914.2600.
ranking.algos.rank_fit - INFO - 47/1000, Change: 0.1690216, Rating 1: 914.4700.
ranking.algos.rank_fit - INFO - 48/1000, Change: 0.1492992, Rating 1: 914.6500.
ranking.algos.rank_fit - INFO - 49/1000, Change: 0.1327385, Rating 1: 914.8100.
ranking.algos.rank_fit - INFO - 50/1000, Change: 0.1164097, Rating 1: 914.9500.
ranking.algos.rank_fit - INFO - 51/1000, Change: 0.1032638, Rating 1: 915.0800.
ranking.algos.rank_fit - INFO - 52/1000, Change: 0.0920233, Rating 1: 915.1900.
ranking.algos.rank_fit - INFO - 53/1000, Change: 0.0820172, Rating 1: 915.2900.
ranking.algos.rank_fit - INFO - 54/1000, Change: 0.0725494, Rating 1: 915.3800.
ranking.algos.rank_fit - INFO - 55/1000, Change: 0.0638596, Rating 1: 915.4600.
ranking.algos.rank_fit - INFO - 56/1000, Change: 0.0559834, Rating 1: 915.5300.
ranking.algos.rank_fit - INFO - 57/1000, Change: 0.0500000, Rating 1: 915.5900.
ranking.algos.rank_fit - INFO - 58/1000, Change: 0.0449390, Rating 1: 915.6400.
ranking.algos.rank_fit - INFO - 59/1000, Change: 0.0394165, Rating 1: 915.6900.
ranking.algos.rank_fit - INFO - 60/1000, Change: 0.0341803, Rating 1: 915.7300.
ranking.algos.rank_fit - INFO - 61/1000, Change: 0.0308023, Rating 1: 915.7700.
ranking.algos.rank_fit - INFO - 62/1000, Change: 0.0273193, Rating 1: 915.8000.
ranking.algos.rank_fit - INFO - 63/1000, Change: 0.0243951, Rating 1: 915.8300.
ranking.algos.rank_fit - INFO - 64/1000, Change: 0.0215271, Rating 1: 915.8600.
ranking.algos.rank_fit - INFO - 65/1000, Change: 0.0192544, Rating 1: 915.8800.
ranking.algos.rank_fit - INFO - 66/1000, Change: 0.0168204, Rating 1: 915.9000.
ranking.algos.rank_fit - INFO - 67/1000, Change: 0.0156174, Rating 1: 915.9200.
ranking.algos.rank_fit - INFO - 68/1000, Change: 0.0131594, Rating 1: 915.9400.
ranking.algos.rank_fit - INFO - 69/1000, Change: 0.0121976, Rating 1: 915.9500.
ranking.algos.rank_fit - INFO - 70/1000, Change: 0.0105922, Rating 1: 915.9600.
ranking.algos.rank_fit - INFO - 71/1000, Change: 0.0089715, Rating 1: 915.9700.
ranking.algos.rank_fit - INFO - 72/1000, Change: 0.0089715, Rating 1: 915.9800.
ranking.algos.rank_fit - INFO - 73/1000, Change: 0.0074898, Rating 1: 915.9900.
ranking.algos.rank_fit - INFO - 74/1000, Change: 0.0082639, Rating 1: 916.0000.
ranking.algos.rank_fit - INFO - 75/1000, Change: 0.0073252, Rating 1: 916.0100.
ranking.algos.rank_fit - INFO - 76/1000, Change: 0.0060486, Rating 1: 916.0100.
ranking.algos.rank_fit - INFO - 77/1000, Change: 0.0058435, Rating 1: 916.0200.
ranking.algos.rank_fit - INFO - 78/1000, Change: 0.0044173, Rating 1: 916.0200.
ranking.algos.rank_fit - INFO - 79/1000, Change: 0.0049386, Rating 1: 916.0300.
ranking.algos.rank_fit - INFO - 80/1000, Change: 0.0034922, Rating 1: 916.0300.
ranking.algos.rank_fit - INFO - 81/1000, Change: 0.0044173, Rating 1: 916.0400.
ranking.algos.rank_fit - INFO - 82/1000, Change: 0.0031235, Rating 1: 916.0400.
ranking.algos.rank_fit - INFO - 83/1000, Change: 0.0015617, Rating 1: 916.0400.
ranking.algos.rank_fit - INFO - 84/1000, Change: 0.0027050, Rating 1: 916.0400.
ranking.algos.rank_fit - INFO - 85/1000, Change: 0.0027050, Rating 1: 916.0400.
ranking.algos.rank_fit - INFO - 86/1000, Change: 0.0022086, Rating 1: 916.0500.
ranking.algos.rank_fit - INFO - 87/1000, Change: 0.0015617, Rating 1: 916.0500.
ranking.algos.rank_fit - INFO - 88/1000, Change: 0.0000000, Rating 1: 916.0500.
ranking.data_preparation - INFO - RMSE: 298.35, Max Sum Resid: 0.18
ranking.data_preparation - INFO - Applying Windmill algorithm on the EUF-2024-open dataset.
ranking.games_dataset - INFO - Calculating ratings by Windmill.
ranking.data_preparation - INFO - RMSE: 3.95, Max Sum Resid: 0.13
ranking.data_preparation - INFO - Applying Sigmoid algorithm on the EUF-2024-open dataset.
ranking.games_dataset - INFO - Calculating ratings by Sigmoid.
ranking.data_preparation - INFO - RMSE: 3.82, Max Sum Resid: 6.70
ranking.data_preparation - INFO - Output files saved to output/2024.
ranking.data_preparation - INFO - Applying USAU algorithm on the EUF-2024-women dataset.
ranking.games_dataset - INFO - Calculating ratings by USAU.
ranking.algos.rank_fit - INFO - 1/1000, Change: 122.3280228, Rating 1: 175.0800.
ranking.algos.rank_fit - INFO - 2/1000, Change: 65.1768658, Rating 1: 238.8100.
ranking.algos.rank_fit - INFO - 3/1000, Change: 48.2387671, Rating 1: 288.0400.
ranking.algos.rank_fit - INFO - 4/1000, Change: 39.1979443, Rating 1: 328.3200.
ranking.algos.rank_fit - INFO - 5/1000, Change: 36.4520035, Rating 1: 368.9600.
ranking.algos.rank_fit - INFO - 6/1000, Change: 43.3807513, Rating 1: 403.3600.
ranking.algos.rank_fit - INFO - 7/1000, Change: 34.0627198, Rating 1: 432.8100.
ranking.algos.rank_fit - INFO - 8/1000, Change: 28.7230340, Rating 1: 458.2300.
ranking.algos.rank_fit - INFO - 9/1000, Change: 24.8593056, Rating 1: 480.2900.
ranking.algos.rank_fit - INFO - 10/1000, Change: 21.7578693, Rating 1: 499.5300.
ranking.algos.rank_fit - INFO - 11/1000, Change: 19.7640071, Rating 1: 516.3700.
ranking.algos.rank_fit - INFO - 12/1000, Change: 17.8159029, Rating 1: 531.2400.
ranking.algos.rank_fit - INFO - 13/1000, Change: 16.1364831, Rating 1: 544.4900.
ranking.algos.rank_fit - INFO - 14/1000, Change: 15.8995500, Rating 1: 556.3700.
ranking.algos.rank_fit - INFO - 15/1000, Change: 14.7699425, Rating 1: 567.0700.
ranking.algos.rank_fit - INFO - 16/1000, Change: 13.7140492, Rating 1: 576.7500.
ranking.algos.rank_fit - INFO - 17/1000, Change: 12.9959174, Rating 1: 585.5500.
ranking.algos.rank_fit - INFO - 18/1000, Change: 12.2153028, Rating 1: 593.5900.
ranking.algos.rank_fit - INFO - 19/1000, Change: 13.8731826, Rating 1: 600.9600.
ranking.algos.rank_fit - INFO - 20/1000, Change: 12.0970938, Rating 1: 607.7400.
ranking.algos.rank_fit - INFO - 21/1000, Change: 11.0540593, Rating 1: 614.0000.
ranking.algos.rank_fit - INFO - 22/1000, Change: 10.2223196, Rating 1: 619.7900.
ranking.algos.rank_fit - INFO - 23/1000, Change: 9.4929333, Rating 1: 625.1600.
ranking.algos.rank_fit - INFO - 24/1000, Change: 9.1839997, Rating 1: 630.1500.
ranking.algos.rank_fit - INFO - 25/1000, Change: 8.5900053, Rating 1: 634.7900.
ranking.algos.rank_fit - INFO - 26/1000, Change: 8.0832934, Rating 1: 639.1200.
ranking.algos.rank_fit - INFO - 27/1000, Change: 7.6172075, Rating 1: 643.1600.
ranking.algos.rank_fit - INFO - 28/1000, Change: 7.2774327, Rating 1: 646.9400.
ranking.algos.rank_fit - INFO - 29/1000, Change: 6.9321553, Rating 1: 650.5300.
ranking.algos.rank_fit - INFO - 30/1000, Change: 6.6005193, Rating 1: 653.9400.
ranking.algos.rank_fit - INFO - 31/1000, Change: 6.2884201, Rating 1: 657.2000.
ranking.algos.rank_fit - INFO - 32/1000, Change: 5.9949536, Rating 1: 660.3100.
ranking.algos.rank_fit - INFO - 33/1000, Change: 5.7151131, Rating 1: 663.2800.
ranking.algos.rank_fit - INFO - 34/1000, Change: 5.4505621, Rating 1: 666.1200.
ranking.algos.rank_fit - INFO - 35/1000, Change: 5.2000927, Rating 1: 668.8300.
ranking.algos.rank_fit - INFO - 36/1000, Change: 4.9590422, Rating 1: 671.4200.
ranking.algos.rank_fit - INFO - 37/1000, Change: 4.7310839, Rating 1: 673.8900.
ranking.algos.rank_fit - INFO - 38/1000, Change: 4.5134743, Rating 1: 676.2500.
ranking.algos.rank_fit - INFO - 39/1000, Change: 4.3080770, Rating 1: 678.5000.
ranking.algos.rank_fit - INFO - 40/1000, Change: 4.1091489, Rating 1: 680.6500.
ranking.algos.rank_fit - INFO - 41/1000, Change: 3.9212759, Rating 1: 682.7000.
ranking.algos.rank_fit - INFO - 42/1000, Change: 3.7425787, Rating 1: 684.6600.
ranking.algos.rank_fit - INFO - 43/1000, Change: 3.5701089, Rating 1: 686.5300.
ranking.algos.rank_fit - INFO - 44/1000, Change: 3.4569929, Rating 1: 688.3200.
ranking.algos.rank_fit - INFO - 45/1000, Change: 3.3212094, Rating 1: 690.0400.
ranking.algos.rank_fit - INFO - 46/1000, Change: 3.1946048, Rating 1: 691.7100.
ranking.algos.rank_fit - INFO - 47/1000, Change: 3.0735544, Rating 1: 693.3200.
ranking.algos.rank_fit - INFO - 48/1000, Change: 2.9577333, Rating 1: 694.8700.
ranking.algos.rank_fit - INFO - 49/1000, Change: 2.8483336, Rating 1: 696.3700.
ranking.algos.rank_fit - INFO - 50/1000, Change: 2.7437077, Rating 1: 697.8200.
ranking.algos.rank_fit - INFO - 51/1000, Change: 2.6424076, Rating 1: 699.2200.
ranking.algos.rank_fit - INFO - 52/1000, Change: 2.5441778, Rating 1: 700.5700.
ranking.algos.rank_fit - INFO - 53/1000, Change: 2.4511092, Rating 1: 701.8700.
ranking.algos.rank_fit - INFO - 54/1000, Change: 2.3626199, Rating 1: 703.1300.
ranking.algos.rank_fit - INFO - 55/1000, Change: 2.2761131, Rating 1: 704.3500.
ranking.algos.rank_fit - INFO - 56/1000, Change: 2.1934116, Rating 1: 705.5200.
ranking.algos.rank_fit - INFO - 57/1000, Change: 2.1138386, Rating 1: 706.6500.
ranking.algos.rank_fit - INFO - 58/1000, Change: 2.0354517, Rating 1: 707.7300.
ranking.algos.rank_fit - INFO - 59/1000, Change: 1.9616945, Rating 1: 708.7800.
ranking.algos.rank_fit - INFO - 60/1000, Change: 1.8895129, Rating 1: 709.7900.
ranking.algos.rank_fit - INFO - 61/1000, Change: 1.8211235, Rating 1: 710.7600.
ranking.algos.rank_fit - INFO - 62/1000, Change: 1.7552816, Rating 1: 711.7000.
ranking.algos.rank_fit - INFO - 63/1000, Change: 1.6916829, Rating 1: 712.6000.
ranking.algos.rank_fit - INFO - 64/1000, Change: 1.6288200, Rating 1: 713.4700.
ranking.algos.rank_fit - INFO - 65/1000, Change: 1.5701723, Rating 1: 714.3100.
ranking.algos.rank_fit - INFO - 66/1000, Change: 1.5131004, Rating 1: 715.1200.
ranking.algos.rank_fit - INFO - 67/1000, Change: 1.4577161, Rating 1: 715.9000.
ranking.algos.rank_fit - INFO - 68/1000, Change: 1.4046562, Rating 1: 716.6500.
ranking.algos.rank_fit - INFO - 69/1000, Change: 1.3534417, Rating 1: 717.3700.
ranking.algos.rank_fit - INFO - 70/1000, Change: 1.3044539, Rating 1: 718.0700.
ranking.algos.rank_fit - INFO - 71/1000, Change: 1.2573656, Rating 1: 718.7400.
ranking.algos.rank_fit - INFO - 72/1000, Change: 1.2112503, Rating 1: 719.3800.
ranking.algos.rank_fit - INFO - 73/1000, Change: 1.1680053, Rating 1: 720.0100.
ranking.algos.rank_fit - INFO - 74/1000, Change: 1.1243948, Rating 1: 720.6100.
ranking.algos.rank_fit - INFO - 75/1000, Change: 1.0827028, Rating 1: 721.1900.
ranking.algos.rank_fit - INFO - 76/1000, Change: 1.0440611, Rating 1: 721.7500.
ranking.algos.rank_fit - INFO - 77/1000, Change: 1.0291148, Rating 1: 722.2900.
ranking.algos.rank_fit - INFO - 78/1000, Change: 1.0032470, Rating 1: 722.8100.
ranking.algos.rank_fit - INFO - 79/1000, Change: 0.9773085, Rating 1: 723.3100.
ranking.algos.rank_fit - INFO - 80/1000, Change: 0.9528474, Rating 1: 723.7900.
ranking.algos.rank_fit - INFO - 81/1000, Change: 0.9273937, Rating 1: 724.2600.
ranking.algos.rank_fit - INFO - 82/1000, Change: 0.9045918, Rating 1: 724.7100.
ranking.algos.rank_fit - INFO - 83/1000, Change: 0.8811795, Rating 1: 725.1500.
ranking.algos.rank_fit - INFO - 84/1000, Change: 0.8575176, Rating 1: 725.5700.
ranking.algos.rank_fit - INFO - 85/1000, Change: 0.8359507, Rating 1: 725.9800.
ranking.algos.rank_fit - INFO - 86/1000, Change: 0.8148564, Rating 1: 726.3800.
ranking.algos.rank_fit - INFO - 87/1000, Change: 0.7948985, Rating 1: 726.7700.
ranking.algos.rank_fit - INFO - 88/1000, Change: 0.7735808, Rating 1: 727.1600.
ranking.algos.rank_fit - INFO - 89/1000, Change: 0.7541069, Rating 1: 727.5300.
ranking.algos.rank_fit - INFO - 90/1000, Change: 0.7335282, Rating 1: 727.8900.
ranking.algos.rank_fit - INFO - 91/1000, Change: 0.7160085, Rating 1: 728.2400.
ranking.algos.rank_fit - INFO - 92/1000, Change: 0.7124350, Rating 1: 728.5900.
ranking.algos.rank_fit - INFO - 93/1000, Change: 0.7029677, Rating 1: 728.9200.
ranking.algos.rank_fit - INFO - 94/1000, Change: 0.6933057, Rating 1: 729.2500.
ranking.algos.rank_fit - INFO - 95/1000, Change: 0.6830746, Rating 1: 729.5700.
ranking.algos.rank_fit - INFO - 96/1000, Change: 0.6729143, Rating 1: 729.8800.
ranking.algos.rank_fit - INFO - 97/1000, Change: 0.6625913, Rating 1: 730.1900.
ranking.algos.rank_fit - INFO - 98/1000, Change: 0.6541337, Rating 1: 730.4900.
ranking.algos.rank_fit - INFO - 99/1000, Change: 0.6453470, Rating 1: 730.7900.
ranking.algos.rank_fit - INFO - 100/1000, Change: 0.6345757, Rating 1: 731.0800.
ranking.algos.rank_fit - INFO - 101/1000, Change: 0.6283926, Rating 1: 731.3700.
ranking.algos.rank_fit - INFO - 102/1000, Change: 0.6191894, Rating 1: 731.6500.
ranking.algos.rank_fit - INFO - 103/1000, Change: 0.6095714, Rating 1: 731.9300.
ranking.algos.rank_fit - INFO - 104/1000, Change: 0.6026268, Rating 1: 732.2100.
ranking.algos.rank_fit - INFO - 105/1000, Change: 0.5934261, Rating 1: 732.4800.
ranking.algos.rank_fit - INFO - 106/1000, Change: 0.5855960, Rating 1: 732.7500.
ranking.algos.rank_fit - INFO - 107/1000, Change: 0.5779391, Rating 1: 733.0100.
ranking.algos.rank_fit - INFO - 108/1000, Change: 0.5723476, Rating 1: 733.2700.
ranking.algos.rank_fit - INFO - 109/1000, Change: 0.5630921, Rating 1: 733.5300.
ranking.algos.rank_fit - INFO - 110/1000, Change: 0.5538994, Rating 1: 733.7800.
ranking.algos.rank_fit - INFO - 111/1000, Change: 0.5476105, Rating 1: 734.0300.
ranking.algos.rank_fit - INFO - 112/1000, Change: 0.5405342, Rating 1: 734.2700.
ranking.algos.rank_fit - INFO - 113/1000, Change: 0.5319988, Rating 1: 734.5100.
ranking.algos.rank_fit - INFO - 114/1000, Change: 0.5260574, Rating 1: 734.7500.
ranking.algos.rank_fit - INFO - 115/1000, Change: 0.5184330, Rating 1: 734.9900.
ranking.algos.rank_fit - INFO - 116/1000, Change: 0.5126757, Rating 1: 735.2200.
ranking.algos.rank_fit - INFO - 117/1000, Change: 0.5037676, Rating 1: 735.4500.
ranking.algos.rank_fit - INFO - 118/1000, Change: 0.4973110, Rating 1: 735.6800.
ranking.algos.rank_fit - INFO - 119/1000, Change: 0.4916900, Rating 1: 735.9000.
ranking.algos.rank_fit - INFO - 120/1000, Change: 0.4844725, Rating 1: 736.1200.
ranking.algos.rank_fit - INFO - 121/1000, Change: 0.4788101, Rating 1: 736.3400.
ranking.algos.rank_fit - INFO - 122/1000, Change: 0.4717087, Rating 1: 736.5500.
ranking.algos.rank_fit - INFO - 123/1000, Change: 0.4641904, Rating 1: 736.7600.
ranking.algos.rank_fit - INFO - 124/1000, Change: 0.4602815, Rating 1: 736.9700.
ranking.algos.rank_fit - INFO - 125/1000, Change: 0.4538973, Rating 1: 737.1800.
ranking.algos.rank_fit - INFO - 126/1000, Change: 0.4469340, Rating 1: 737.3900.
ranking.algos.rank_fit - INFO - 127/1000, Change: 0.4417579, Rating 1: 737.5900.
ranking.algos.rank_fit - INFO - 128/1000, Change: 0.4351384, Rating 1: 737.7900.
ranking.algos.rank_fit - INFO - 129/1000, Change: 0.4291005, Rating 1: 737.9900.
ranking.algos.rank_fit - INFO - 130/1000, Change: 0.4232343, Rating 1: 738.1800.
ranking.algos.rank_fit - INFO - 131/1000, Change: 0.4185527, Rating 1: 738.3700.
ranking.algos.rank_fit - INFO - 132/1000, Change: 0.4127678, Rating 1: 738.5600.
ranking.algos.rank_fit - INFO - 133/1000, Change: 0.4063306, Rating 1: 738.7500.
ranking.algos.rank_fit - INFO - 134/1000, Change: 0.4022324, Rating 1: 738.9300.
ranking.algos.rank_fit - INFO - 135/1000, Change: 0.3956468, Rating 1: 739.1100.
ranking.algos.rank_fit - INFO - 136/1000, Change: 0.3895919, Rating 1: 739.2900.
ranking.algos.rank_fit - INFO - 137/1000, Change: 0.3861111, Rating 1: 739.4700.
ranking.algos.rank_fit - INFO - 138/1000, Change: 0.3804782, Rating 1: 739.6400.
ranking.algos.rank_fit - INFO - 139/1000, Change: 0.3758143, Rating 1: 739.8100.
ranking.algos.rank_fit - INFO - 140/1000, Change: 0.3695882, Rating 1: 739.9800.
ranking.algos.rank_fit - INFO - 141/1000, Change: 0.3646356, Rating 1: 740.1500.
ranking.algos.rank_fit - INFO - 142/1000, Change: 0.3588808, Rating 1: 740.3200.
ranking.algos.rank_fit - INFO - 143/1000, Change: 0.3559239, Rating 1: 740.4800.
ranking.algos.rank_fit - INFO - 144/1000, Change: 0.3504802, Rating 1: 740.6400.
ranking.algos.rank_fit - INFO - 145/1000, Change: 0.3454707, Rating 1: 740.8000.
ranking.algos.rank_fit - INFO - 146/1000, Change: 0.3418466, Rating 1: 740.9600.
ranking.algos.rank_fit - INFO - 147/1000, Change: 0.3358909, Rating 1: 741.1100.
ranking.algos.rank_fit - INFO - 148/1000, Change: 0.3314843, Rating 1: 741.2600.
ranking.algos.rank_fit - INFO - 149/1000, Change: 0.3281906, Rating 1: 741.4100.
ranking.algos.rank_fit - INFO - 150/1000, Change: 0.3247027, Rating 1: 741.5600.
ranking.algos.rank_fit - INFO - 151/1000, Change: 0.3190326, Rating 1: 741.7100.
ranking.algos.rank_fit - INFO - 152/1000, Change: 0.3135573, Rating 1: 741.8500.
ranking.algos.rank_fit - INFO - 153/1000, Change: 0.3095598, Rating 1: 741.9900.
ranking.algos.rank_fit - INFO - 154/1000, Change: 0.3056588, Rating 1: 742.1300.
ranking.algos.rank_fit - INFO - 155/1000, Change: 0.3032701, Rating 1: 742.2700.
ranking.algos.rank_fit - INFO - 156/1000, Change: 0.2975048, Rating 1: 742.4100.
ranking.algos.rank_fit - INFO - 157/1000, Change: 0.2938073, Rating 1: 742.5400.
ranking.algos.rank_fit - INFO - 158/1000, Change: 0.2894509, Rating 1: 742.6700.
ranking.algos.rank_fit - INFO - 159/1000, Change: 0.2853626, Rating 1: 742.8000.
ranking.algos.rank_fit - INFO - 160/1000, Change: 0.2822797, Rating 1: 742.9300.
ranking.algos.rank_fit - INFO - 161/1000, Change: 0.2788287, Rating 1: 743.0600.
ranking.algos.rank_fit - INFO - 162/1000, Change: 0.2748719, Rating 1: 743.1900.
ranking.algos.rank_fit - INFO - 163/1000, Change: 0.2690049, Rating 1: 743.3100.
ranking.algos.rank_fit - INFO - 164/1000, Change: 0.2675818, Rating 1: 743.4300.
ranking.algos.rank_fit - INFO - 165/1000, Change: 0.2622715, Rating 1: 743.5500.
ranking.algos.rank_fit - INFO - 166/1000, Change: 0.2600874, Rating 1: 743.6700.
ranking.algos.rank_fit - INFO - 167/1000, Change: 0.2565505, Rating 1: 743.7900.
ranking.algos.rank_fit - INFO - 168/1000, Change: 0.2535296, Rating 1: 743.9100.
ranking.algos.rank_fit - INFO - 169/1000, Change: 0.2497544, Rating 1: 744.0200.
ranking.algos.rank_fit - INFO - 170/1000, Change: 0.2464198, Rating 1: 744.1300.
ranking.algos.rank_fit - INFO - 171/1000, Change: 0.2435159, Rating 1: 744.2400.
ranking.algos.rank_fit - INFO - 172/1000, Change: 0.2403596, Rating 1: 744.3500.
ranking.algos.rank_fit - INFO - 173/1000, Change: 0.2352368, Rating 1: 744.4600.
ranking.algos.rank_fit - INFO - 174/1000, Change: 0.2328675, Rating 1: 744.5700.
ranking.algos.rank_fit - INFO - 175/1000, Change: 0.2298221, Rating 1: 744.6700.
ranking.algos.rank_fit - INFO - 176/1000, Change: 0.2275462, Rating 1: 744.7800.
ranking.algos.rank_fit - INFO - 177/1000, Change: 0.2234543, Rating 1: 744.8800.
ranking.algos.rank_fit - INFO - 178/1000, Change: 0.2223736, Rating 1: 744.9800.
ranking.algos.rank_fit - INFO - 179/1000, Change: 0.2183929, Rating 1: 745.0800.
ranking.algos.rank_fit - INFO - 180/1000, Change: 0.2146138, Rating 1: 745.1800.
ranking.algos.rank_fit - INFO - 181/1000, Change: 0.2111225, Rating 1: 745.2800.
ranking.algos.rank_fit - INFO - 182/1000, Change: 0.2091650, Rating 1: 745.3800.
ranking.algos.rank_fit - INFO - 183/1000, Change: 0.2061663, Rating 1: 745.4700.
ranking.algos.rank_fit - INFO - 184/1000, Change: 0.2036597, Rating 1: 745.5600.
ranking.algos.rank_fit - INFO - 185/1000, Change: 0.2006240, Rating 1: 745.6500.
ranking.algos.rank_fit - INFO - 186/1000, Change: 0.1992600, Rating 1: 745.7400.
ranking.algos.rank_fit - INFO - 187/1000, Change: 0.1951806, Rating 1: 745.8300.
ranking.algos.rank_fit - INFO - 188/1000, Change: 0.1930379, Rating 1: 745.9200.
ranking.algos.rank_fit - INFO - 189/1000, Change: 0.1907640, Rating 1: 746.0100.
ranking.algos.rank_fit - INFO - 190/1000, Change: 0.1866937, Rating 1: 746.1000.
ranking.algos.rank_fit - INFO - 191/1000, Change: 0.1854356, Rating 1: 746.1800.
ranking.algos.rank_fit - INFO - 192/1000, Change: 0.1817466, Rating 1: 746.2600.
ranking.algos.rank_fit - INFO - 193/1000, Change: 0.1806680, Rating 1: 746.3400.
ranking.algos.rank_fit - INFO - 194/1000, Change: 0.1786184, Rating 1: 746.4200.
ranking.algos.rank_fit - INFO - 195/1000, Change: 0.1762488, Rating 1: 746.5000.
ranking.algos.rank_fit - INFO - 196/1000, Change: 0.1729556, Rating 1: 746.5800.
ranking.algos.rank_fit - INFO - 197/1000, Change: 0.1705739, Rating 1: 746.6600.
ranking.algos.rank_fit - INFO - 198/1000, Change: 0.1681720, Rating 1: 746.7400.
ranking.algos.rank_fit - INFO - 199/1000, Change: 0.1654058, Rating 1: 746.8200.
ranking.algos.rank_fit - INFO - 200/1000, Change: 0.1634013, Rating 1: 746.8900.
ranking.algos.rank_fit - INFO - 201/1000, Change: 0.1619343, Rating 1: 746.9700.
ranking.algos.rank_fit - INFO - 202/1000, Change: 0.1598437, Rating 1: 747.0400.
ranking.algos.rank_fit - INFO - 203/1000, Change: 0.1578837, Rating 1: 747.1100.
ranking.algos.rank_fit - INFO - 204/1000, Change: 0.1549340, Rating 1: 747.1800.
ranking.algos.rank_fit - INFO - 205/1000, Change: 0.1530597, Rating 1: 747.2500.
ranking.algos.rank_fit - INFO - 206/1000, Change: 0.1520616, Rating 1: 747.3200.
ranking.algos.rank_fit - INFO - 207/1000, Change: 0.1485689, Rating 1: 747.3900.
ranking.algos.rank_fit - INFO - 208/1000, Change: 0.1468766, Rating 1: 747.4600.
ranking.algos.rank_fit - INFO - 209/1000, Change: 0.1435270, Rating 1: 747.5300.
ranking.algos.rank_fit - INFO - 210/1000, Change: 0.1421907, Rating 1: 747.5900.
ranking.algos.rank_fit - INFO - 211/1000, Change: 0.1405347, Rating 1: 747.6500.
ranking.algos.rank_fit - INFO - 212/1000, Change: 0.1391533, Rating 1: 747.7100.
ranking.algos.rank_fit - INFO - 213/1000, Change: 0.1383671, Rating 1: 747.7700.
ranking.algos.rank_fit - INFO - 214/1000, Change: 0.1345193, Rating 1: 747.8300.
ranking.algos.rank_fit - INFO - 215/1000, Change: 0.1338588, Rating 1: 747.8900.
ranking.algos.rank_fit - INFO - 216/1000, Change: 0.1315813, Rating 1: 747.9500.
ranking.algos.rank_fit - INFO - 217/1000, Change: 0.1302096, Rating 1: 748.0100.
ranking.algos.rank_fit - INFO - 218/1000, Change: 0.1291933, Rating 1: 748.0700.
ranking.algos.rank_fit - INFO - 219/1000, Change: 0.1276537, Rating 1: 748.1300.
ranking.algos.rank_fit - INFO - 220/1000, Change: 0.1251726, Rating 1: 748.1900.
ranking.algos.rank_fit - INFO - 221/1000, Change: 0.1231776, Rating 1: 748.2500.
ranking.algos.rank_fit - INFO - 222/1000, Change: 0.1222888, Rating 1: 748.3100.
ranking.algos.rank_fit - INFO - 223/1000, Change: 0.1203215, Rating 1: 748.3600.
ranking.algos.rank_fit - INFO - 224/1000, Change: 0.1179561, Rating 1: 748.4100.
ranking.algos.rank_fit - INFO - 225/1000, Change: 0.1164825, Rating 1: 748.4600.
ranking.algos.rank_fit - INFO - 226/1000, Change: 0.1148517, Rating 1: 748.5100.
ranking.algos.rank_fit - INFO - 227/1000, Change: 0.1141570, Rating 1: 748.5600.
ranking.algos.rank_fit - INFO - 228/1000, Change: 0.1121282, Rating 1: 748.6100.
ranking.algos.rank_fit - INFO - 229/1000, Change: 0.1102889, Rating 1: 748.6600.
ranking.algos.rank_fit - INFO - 230/1000, Change: 0.1091704, Rating 1: 748.7100.
ranking.algos.rank_fit - INFO - 231/1000, Change: 0.1075977, Rating 1: 748.7600.
ranking.algos.rank_fit - INFO - 232/1000, Change: 0.1064297, Rating 1: 748.8100.
ranking.algos.rank_fit - INFO - 233/1000, Change: 0.1050325, Rating 1: 748.8600.
ranking.algos.rank_fit - INFO - 234/1000, Change: 0.1046640, Rating 1: 748.9100.
ranking.algos.rank_fit - INFO - 235/1000, Change: 0.1024695, Rating 1: 748.9600.
ranking.algos.rank_fit - INFO - 236/1000, Change: 0.1007472, Rating 1: 749.0100.
ranking.algos.rank_fit - INFO - 237/1000, Change: 0.0990867, Rating 1: 749.0500.
ranking.algos.rank_fit - INFO - 238/1000, Change: 0.0970707, Rating 1: 749.1000.
ranking.algos.rank_fit - INFO - 239/1000, Change: 0.0959166, Rating 1: 749.1400.
ranking.algos.rank_fit - INFO - 240/1000, Change: 0.0952270, Rating 1: 749.1800.
ranking.algos.rank_fit - INFO - 241/1000, Change: 0.0931763, Rating 1: 749.2200.
ranking.algos.rank_fit - INFO - 242/1000, Change: 0.0933469, Rating 1: 749.2600.
ranking.algos.rank_fit - INFO - 243/1000, Change: 0.0917507, Rating 1: 749.3000.
ranking.algos.rank_fit - INFO - 244/1000, Change: 0.0909795, Rating 1: 749.3400.
ranking.algos.rank_fit - INFO - 245/1000, Change: 0.0900757, Rating 1: 749.3800.
ranking.algos.rank_fit - INFO - 246/1000, Change: 0.0874903, Rating 1: 749.4200.
ranking.algos.rank_fit - INFO - 247/1000, Change: 0.0868384, Rating 1: 749.4600.
ranking.algos.rank_fit - INFO - 248/1000, Change: 0.0857056, Rating 1: 749.5000.
ranking.algos.rank_fit - INFO - 249/1000, Change: 0.0857586, Rating 1: 749.5400.
ranking.algos.rank_fit - INFO - 250/1000, Change: 0.0835301, Rating 1: 749.5800.
ranking.algos.rank_fit - INFO - 251/1000, Change: 0.0824621, Rating 1: 749.6200.
ranking.algos.rank_fit - INFO - 252/1000, Change: 0.0817702, Rating 1: 749.6600.
ranking.algos.rank_fit - INFO - 253/1000, Change: 0.0802270, Rating 1: 749.7000.
ranking.algos.rank_fit - INFO - 254/1000, Change: 0.0783929, Rating 1: 749.7400.
ranking.algos.rank_fit - INFO - 255/1000, Change: 0.0772834, Rating 1: 749.7800.
ranking.algos.rank_fit - INFO - 256/1000, Change: 0.0772540, Rating 1: 749.8100.
ranking.algos.rank_fit - INFO - 257/1000, Change: 0.0748635, Rating 1: 749.8500.
ranking.algos.rank_fit - INFO - 258/1000, Change: 0.0738857, Rating 1: 749.8800.
ranking.algos.rank_fit - INFO - 259/1000, Change: 0.0727386, Rating 1: 749.9100.
ranking.algos.rank_fit - INFO - 260/1000, Change: 0.0720164, Rating 1: 749.9400.
ranking.algos.rank_fit - INFO - 261/1000, Change: 0.0707428, Rating 1: 749.9700.
ranking.algos.rank_fit - INFO - 262/1000, Change: 0.0714779, Rating 1: 750.0000.
ranking.algos.rank_fit - INFO - 263/1000, Change: 0.0691178, Rating 1: 750.0300.
ranking.algos.rank_fit - INFO - 264/1000, Change: 0.0700000, Rating 1: 750.0600.
ranking.algos.rank_fit - INFO - 265/1000, Change: 0.0669803, Rating 1: 750.0900.
ranking.algos.rank_fit - INFO - 266/1000, Change: 0.0675883, Rating 1: 750.1200.
ranking.algos.rank_fit - INFO - 267/1000, Change: 0.0663667, Rating 1: 750.1500.
ranking.algos.rank_fit - INFO - 268/1000, Change: 0.0654703, Rating 1: 750.1800.
ranking.algos.rank_fit - INFO - 269/1000, Change: 0.0642085, Rating 1: 750.2100.
ranking.algos.rank_fit - INFO - 270/1000, Change: 0.0640667, Rating 1: 750.2400.
ranking.algos.rank_fit - INFO - 271/1000, Change: 0.0625954, Rating 1: 750.2700.
ranking.algos.rank_fit - INFO - 272/1000, Change: 0.0613114, Rating 1: 750.3000.
ranking.algos.rank_fit - INFO - 273/1000, Change: 0.0619017, Rating 1: 750.3300.
ranking.algos.rank_fit - INFO - 274/1000, Change: 0.0609396, Rating 1: 750.3600.
ranking.algos.rank_fit - INFO - 275/1000, Change: 0.0585817, Rating 1: 750.3900.
ranking.algos.rank_fit - INFO - 276/1000, Change: 0.0601135, Rating 1: 750.4200.
ranking.algos.rank_fit - INFO - 277/1000, Change: 0.0581925, Rating 1: 750.4500.
ranking.algos.rank_fit - INFO - 278/1000, Change: 0.0569689, Rating 1: 750.4800.
ranking.algos.rank_fit - INFO - 279/1000, Change: 0.0564076, Rating 1: 750.5000.
ranking.algos.rank_fit - INFO - 280/1000, Change: 0.0556776, Rating 1: 750.5300.
ranking.algos.rank_fit - INFO - 281/1000, Change: 0.0542720, Rating 1: 750.5500.
ranking.algos.rank_fit - INFO - 282/1000, Change: 0.0543557, Rating 1: 750.5800.
ranking.algos.rank_fit - INFO - 283/1000, Change: 0.0530866, Rating 1: 750.6000.
ranking.algos.rank_fit - INFO - 284/1000, Change: 0.0511682, Rating 1: 750.6200.
ranking.algos.rank_fit - INFO - 285/1000, Change: 0.0510793, Rating 1: 750.6400.
ranking.algos.rank_fit - INFO - 286/1000, Change: 0.0509456, Rating 1: 750.6600.
ranking.algos.rank_fit - INFO - 287/1000, Change: 0.0494056, Rating 1: 750.6800.
ranking.algos.rank_fit - INFO - 288/1000, Change: 0.0480057, Rating 1: 750.7000.
ranking.algos.rank_fit - INFO - 289/1000, Change: 0.0487106, Rating 1: 750.7200.
ranking.algos.rank_fit - INFO - 290/1000, Change: 0.0481475, Rating 1: 750.7400.
ranking.algos.rank_fit - INFO - 291/1000, Change: 0.0480057, Rating 1: 750.7600.
ranking.algos.rank_fit - INFO - 292/1000, Change: 0.0472902, Rating 1: 750.7800.
ranking.algos.rank_fit - INFO - 293/1000, Change: 0.0460237, Rating 1: 750.8000.
ranking.algos.rank_fit - INFO - 294/1000, Change: 0.0446705, Rating 1: 750.8200.
ranking.algos.rank_fit - INFO - 295/1000, Change: 0.0458258, Rating 1: 750.8400.
ranking.algos.rank_fit - INFO - 296/1000, Change: 0.0442102, Rating 1: 750.8600.
ranking.algos.rank_fit - INFO - 297/1000, Change: 0.0445176, Rating 1: 750.8800.
ranking.algos.rank_fit - INFO - 298/1000, Change: 0.0427997, Rating 1: 750.9000.
ranking.algos.rank_fit - INFO - 299/1000, Change: 0.0435890, Rating 1: 750.9200.
ranking.algos.rank_fit - INFO - 300/1000, Change: 0.0430644, Rating 1: 750.9400.
ranking.algos.rank_fit - INFO - 301/1000, Change: 0.0422116, Rating 1: 750.9600.
ranking.algos.rank_fit - INFO - 302/1000, Change: 0.0422116, Rating 1: 750.9800.
ranking.algos.rank_fit - INFO - 303/1000, Change: 0.0415057, Rating 1: 751.0000.
ranking.algos.rank_fit - INFO - 304/1000, Change: 0.0409545, Rating 1: 751.0200.
ranking.algos.rank_fit - INFO - 305/1000, Change: 0.0410100, Rating 1: 751.0400.
ranking.algos.rank_fit - INFO - 306/1000, Change: 0.0391384, Rating 1: 751.0600.
ranking.algos.rank_fit - INFO - 307/1000, Change: 0.0382575, Rating 1: 751.0800.
ranking.algos.rank_fit - INFO - 308/1000, Change: 0.0393123, Rating 1: 751.1000.
ranking.algos.rank_fit - INFO - 309/1000, Change: 0.0401135, Rating 1: 751.1200.
ranking.algos.rank_fit - INFO - 310/1000, Change: 0.0380191, Rating 1: 751.1400.
ranking.algos.rank_fit - INFO - 311/1000, Change: 0.0369889, Rating 1: 751.1600.
ranking.algos.rank_fit - INFO - 312/1000, Change: 0.0364941, Rating 1: 751.1800.
ranking.algos.rank_fit - INFO - 313/1000, Change: 0.0364318, Rating 1: 751.1900.
ranking.algos.rank_fit - INFO - 314/1000, Change: 0.0359292, Rating 1: 751.2100.
ranking.algos.rank_fit - INFO - 315/1000, Change: 0.0346410, Rating 1: 751.2300.
ranking.algos.rank_fit - INFO - 316/1000, Change: 0.0345096, Rating 1: 751.2400.
ranking.algos.rank_fit - INFO - 317/1000, Change: 0.0331662, Rating 1: 751.2600.
ranking.algos.rank_fit - INFO - 318/1000, Change: 0.0337773, Rating 1: 751.2700.
ranking.algos.rank_fit - INFO - 319/1000, Change: 0.0327525, Rating 1: 751.2900.
ranking.algos.rank_fit - INFO - 320/1000, Change: 0.0328218, Rating 1: 751.3000.
ranking.algos.rank_fit - INFO - 321/1000, Change: 0.0321926, Rating 1: 751.3200.
ranking.algos.rank_fit - INFO - 322/1000, Change: 0.0311886, Rating 1: 751.3300.
ranking.algos.rank_fit - INFO - 323/1000, Change: 0.0315508, Rating 1: 751.3400.
ranking.algos.rank_fit - INFO - 324/1000, Change: 0.0308221, Rating 1: 751.3600.
ranking.algos.rank_fit - INFO - 325/1000, Change: 0.0298481, Rating 1: 751.3700.
ranking.algos.rank_fit - INFO - 326/1000, Change: 0.0297719, Rating 1: 751.3800.
ranking.algos.rank_fit - INFO - 327/1000, Change: 0.0307482, Rating 1: 751.3900.
ranking.algos.rank_fit - INFO - 328/1000, Change: 0.0287623, Rating 1: 751.4100.
ranking.algos.rank_fit - INFO - 329/1000, Change: 0.0278796, Rating 1: 751.4200.
ranking.algos.rank_fit - INFO - 330/1000, Change: 0.0276340, Rating 1: 751.4300.
ranking.algos.rank_fit - INFO - 331/1000, Change: 0.0278796, Rating 1: 751.4400.
ranking.algos.rank_fit - INFO - 332/1000, Change: 0.0262851, Rating 1: 751.4500.
ranking.algos.rank_fit - INFO - 333/1000, Change: 0.0277161, Rating 1: 751.4600.
ranking.algos.rank_fit - INFO - 334/1000, Change: 0.0255841, Rating 1: 751.4700.
ranking.algos.rank_fit - INFO - 335/1000, Change: 0.0254951, Rating 1: 751.4800.
ranking.algos.rank_fit - INFO - 336/1000, Change: 0.0247717, Rating 1: 751.4900.
ranking.algos.rank_fit - INFO - 337/1000, Change: 0.0254951, Rating 1: 751.5000.
ranking.algos.rank_fit - INFO - 338/1000, Change: 0.0247717, Rating 1: 751.5100.
ranking.algos.rank_fit - INFO - 339/1000, Change: 0.0247717, Rating 1: 751.5200.
ranking.algos.rank_fit - INFO - 340/1000, Change: 0.0240265, Rating 1: 751.5300.
ranking.algos.rank_fit - INFO - 341/1000, Change: 0.0241209, Rating 1: 751.5400.
ranking.algos.rank_fit - INFO - 342/1000, Change: 0.0246798, Rating 1: 751.5500.
ranking.algos.rank_fit - INFO - 343/1000, Change: 0.0241209, Rating 1: 751.5600.
ranking.algos.rank_fit - INFO - 344/1000, Change: 0.0241209, Rating 1: 751.5700.
ranking.algos.rank_fit - INFO - 345/1000, Change: 0.0240265, Rating 1: 751.5800.
ranking.algos.rank_fit - INFO - 346/1000, Change: 0.0241209, Rating 1: 751.5900.
ranking.algos.rank_fit - INFO - 347/1000, Change: 0.0228632, Rating 1: 751.6000.
ranking.algos.rank_fit - INFO - 348/1000, Change: 0.0227636, Rating 1: 751.6100.
ranking.algos.rank_fit - INFO - 349/1000, Change: 0.0227636, Rating 1: 751.6200.
ranking.algos.rank_fit - INFO - 350/1000, Change: 0.0221565, Rating 1: 751.6300.
ranking.algos.rank_fit - INFO - 351/1000, Change: 0.0218466, Rating 1: 751.6400.
ranking.algos.rank_fit - INFO - 352/1000, Change: 0.0197714, Rating 1: 751.6500.
ranking.algos.rank_fit - INFO - 353/1000, Change: 0.0197714, Rating 1: 751.6600.
ranking.algos.rank_fit - INFO - 354/1000, Change: 0.0190693, Rating 1: 751.6700.
ranking.algos.rank_fit - INFO - 355/1000, Change: 0.0200000, Rating 1: 751.6800.
ranking.algos.rank_fit - INFO - 356/1000, Change: 0.0200000, Rating 1: 751.6900.
ranking.algos.rank_fit - INFO - 357/1000, Change: 0.0198860, Rating 1: 751.7000.
ranking.algos.rank_fit - INFO - 358/1000, Change: 0.0205603, Rating 1: 751.7100.
ranking.algos.rank_fit - INFO - 359/1000, Change: 0.0191881, Rating 1: 751.7200.
ranking.algos.rank_fit - INFO - 360/1000, Change: 0.0190693, Rating 1: 751.7300.
ranking.algos.rank_fit - INFO - 361/1000, Change: 0.0184637, Rating 1: 751.7400.
ranking.algos.rank_fit - INFO - 362/1000, Change: 0.0190693, Rating 1: 751.7500.
ranking.algos.rank_fit - INFO - 363/1000, Change: 0.0184637, Rating 1: 751.7600.
ranking.algos.rank_fit - INFO - 364/1000, Change: 0.0195402, Rating 1: 751.7700.
ranking.algos.rank_fit - INFO - 365/1000, Change: 0.0189497, Rating 1: 751.7800.
ranking.algos.rank_fit - INFO - 366/1000, Change: 0.0184637, Rating 1: 751.7900.
ranking.algos.rank_fit - INFO - 367/1000, Change: 0.0178377, Rating 1: 751.8000.
ranking.algos.rank_fit - INFO - 368/1000, Change: 0.0185864, Rating 1: 751.8100.
ranking.algos.rank_fit - INFO - 369/1000, Change: 0.0179646, Rating 1: 751.8200.
ranking.algos.rank_fit - INFO - 370/1000, Change: 0.0171888, Rating 1: 751.8300.
ranking.algos.rank_fit - INFO - 371/1000, Change: 0.0183402, Rating 1: 751.8400.
ranking.algos.rank_fit - INFO - 372/1000, Change: 0.0163763, Rating 1: 751.8500.
ranking.algos.rank_fit - INFO - 373/1000, Change: 0.0167874, Rating 1: 751.8600.
ranking.algos.rank_fit - INFO - 374/1000, Change: 0.0162369, Rating 1: 751.8700.
ranking.algos.rank_fit - INFO - 375/1000, Change: 0.0162369, Rating 1: 751.8800.
ranking.algos.rank_fit - INFO - 376/1000, Change: 0.0159545, Rating 1: 751.8900.
ranking.algos.rank_fit - INFO - 377/1000, Change: 0.0152256, Rating 1: 751.9000.
ranking.algos.rank_fit - INFO - 378/1000, Change: 0.0153741, Rating 1: 751.9000.
ranking.algos.rank_fit - INFO - 379/1000, Change: 0.0150756, Rating 1: 751.9100.
ranking.algos.rank_fit - INFO - 380/1000, Change: 0.0139805, Rating 1: 751.9200.
ranking.algos.rank_fit - INFO - 381/1000, Change: 0.0144600, Rating 1: 751.9200.
ranking.algos.rank_fit - INFO - 382/1000, Change: 0.0131426, Rating 1: 751.9300.
ranking.algos.rank_fit - INFO - 383/1000, Change: 0.0144600, Rating 1: 751.9400.
ranking.algos.rank_fit - INFO - 384/1000, Change: 0.0127920, Rating 1: 751.9400.
ranking.algos.rank_fit - INFO - 385/1000, Change: 0.0134840, Rating 1: 751.9500.
ranking.algos.rank_fit - INFO - 386/1000, Change: 0.0133144, Rating 1: 751.9500.
ranking.algos.rank_fit - INFO - 387/1000, Change: 0.0133144, Rating 1: 751.9600.
ranking.algos.rank_fit - INFO - 388/1000, Change: 0.0129685, Rating 1: 751.9700.
ranking.algos.rank_fit - INFO - 389/1000, Change: 0.0133144, Rating 1: 751.9700.
ranking.algos.rank_fit - INFO - 390/1000, Change: 0.0127920, Rating 1: 751.9800.
ranking.algos.rank_fit - INFO - 391/1000, Change: 0.0133144, Rating 1: 751.9800.
ranking.algos.rank_fit - INFO - 392/1000, Change: 0.0127920, Rating 1: 751.9900.
ranking.algos.rank_fit - INFO - 393/1000, Change: 0.0126131, Rating 1: 751.9900.
ranking.algos.rank_fit - INFO - 394/1000, Change: 0.0127920, Rating 1: 752.0000.
ranking.algos.rank_fit - INFO - 395/1000, Change: 0.0122474, Rating 1: 752.0000.
ranking.algos.rank_fit - INFO - 396/1000, Change: 0.0127920, Rating 1: 752.0100.
ranking.algos.rank_fit - INFO - 397/1000, Change: 0.0126131, Rating 1: 752.0100.
ranking.algos.rank_fit - INFO - 398/1000, Change: 0.0124316, Rating 1: 752.0200.
ranking.algos.rank_fit - INFO - 399/1000, Change: 0.0131426, Rating 1: 752.0200.
ranking.algos.rank_fit - INFO - 400/1000, Change: 0.0124316, Rating 1: 752.0300.
ranking.algos.rank_fit - INFO - 401/1000, Change: 0.0124316, Rating 1: 752.0300.
ranking.algos.rank_fit - INFO - 402/1000, Change: 0.0114812, Rating 1: 752.0400.
ranking.algos.rank_fit - INFO - 403/1000, Change: 0.0124316, Rating 1: 752.0400.
ranking.algos.rank_fit - INFO - 404/1000, Change: 0.0112815, Rating 1: 752.0500.
ranking.algos.rank_fit - INFO - 405/1000, Change: 0.0127920, Rating 1: 752.0500.
ranking.algos.rank_fit - INFO - 406/1000, Change: 0.0114812, Rating 1: 752.0600.
ranking.algos.rank_fit - INFO - 407/1000, Change: 0.0104447, Rating 1: 752.0600.
ranking.algos.rank_fit - INFO - 408/1000, Change: 0.0112815, Rating 1: 752.0700.
ranking.algos.rank_fit - INFO - 409/1000, Change: 0.0112815, Rating 1: 752.0700.
ranking.algos.rank_fit - INFO - 410/1000, Change: 0.0112815, Rating 1: 752.0800.
ranking.algos.rank_fit - INFO - 411/1000, Change: 0.0092932, Rating 1: 752.0800.
ranking.algos.rank_fit - INFO - 412/1000, Change: 0.0104447, Rating 1: 752.0800.
ranking.algos.rank_fit - INFO - 413/1000, Change: 0.0097701, Rating 1: 752.0900.
ranking.algos.rank_fit - INFO - 414/1000, Change: 0.0092932, Rating 1: 752.0900.
ranking.algos.rank_fit - INFO - 415/1000, Change: 0.0106600, Rating 1: 752.0900.
ranking.algos.rank_fit - INFO - 416/1000, Change: 0.0090453, Rating 1: 752.1000.
ranking.algos.rank_fit - INFO - 417/1000, Change: 0.0090453, Rating 1: 752.1000.
ranking.algos.rank_fit - INFO - 418/1000, Change: 0.0092932, Rating 1: 752.1000.
ranking.algos.rank_fit - INFO - 419/1000, Change: 0.0076871, Rating 1: 752.1100.
ranking.algos.rank_fit - INFO - 420/1000, Change: 0.0076871, Rating 1: 752.1100.
ranking.algos.rank_fit - INFO - 421/1000, Change: 0.0082572, Rating 1: 752.1100.
ranking.algos.rank_fit - INFO - 422/1000, Change: 0.0070711, Rating 1: 752.1100.
ranking.algos.rank_fit - INFO - 423/1000, Change: 0.0082572, Rating 1: 752.1100.
ranking.algos.rank_fit - INFO - 424/1000, Change: 0.0076871, Rating 1: 752.1200.
ranking.algos.rank_fit - INFO - 425/1000, Change: 0.0087905, Rating 1: 752.1200.
ranking.algos.rank_fit - INFO - 426/1000, Change: 0.0087905, Rating 1: 752.1200.
ranking.algos.rank_fit - INFO - 427/1000, Change: 0.0073855, Rating 1: 752.1200.
ranking.algos.rank_fit - INFO - 428/1000, Change: 0.0067420, Rating 1: 752.1300.
ranking.algos.rank_fit - INFO - 429/1000, Change: 0.0056408, Rating 1: 752.1300.
ranking.algos.rank_fit - INFO - 430/1000, Change: 0.0060302, Rating 1: 752.1300.
ranking.algos.rank_fit - INFO - 431/1000, Change: 0.0060302, Rating 1: 752.1300.
ranking.algos.rank_fit - INFO - 432/1000, Change: 0.0060302, Rating 1: 752.1300.
ranking.algos.rank_fit - INFO - 433/1000, Change: 0.0056408, Rating 1: 752.1300.
ranking.algos.rank_fit - INFO - 434/1000, Change: 0.0060302, Rating 1: 752.1300.
ranking.algos.rank_fit - INFO - 435/1000, Change: 0.0060302, Rating 1: 752.1300.
ranking.algos.rank_fit - INFO - 436/1000, Change: 0.0060302, Rating 1: 752.1300.
ranking.algos.rank_fit - INFO - 437/1000, Change: 0.0060302, Rating 1: 752.1300.
ranking.algos.rank_fit - INFO - 438/1000, Change: 0.0056408, Rating 1: 752.1300.
ranking.algos.rank_fit - INFO - 439/1000, Change: 0.0060302, Rating 1: 752.1300.
ranking.algos.rank_fit - INFO - 440/1000, Change: 0.0060302, Rating 1: 752.1300.
ranking.algos.rank_fit - INFO - 441/1000, Change: 0.0060302, Rating 1: 752.1300.
ranking.algos.rank_fit - INFO - 442/1000, Change: 0.0060302, Rating 1: 752.1300.
ranking.algos.rank_fit - INFO - 443/1000, Change: 0.0056408, Rating 1: 752.1300.
ranking.algos.rank_fit - INFO - 444/1000, Change: 0.0060302, Rating 1: 752.1300.
ranking.algos.rank_fit - INFO - 445/1000, Change: 0.0060302, Rating 1: 752.1300.
ranking.algos.rank_fit - INFO - 446/1000, Change: 0.0060302, Rating 1: 752.1300.
ranking.algos.rank_fit - INFO - 447/1000, Change: 0.0060302, Rating 1: 752.1300.
ranking.algos.rank_fit - INFO - 448/1000, Change: 0.0056408, Rating 1: 752.1300.
ranking.algos.rank_fit - INFO - 449/1000, Change: 0.0056408, Rating 1: 752.1300.
ranking.algos.rank_fit - INFO - 450/1000, Change: 0.0060302, Rating 1: 752.1300.
ranking.algos.rank_fit - INFO - 451/1000, Change: 0.0060302, Rating 1: 752.1300.
ranking.algos.rank_fit - INFO - 452/1000, Change: 0.0060302, Rating 1: 752.1300.
ranking.algos.rank_fit - INFO - 453/1000, Change: 0.0056408, Rating 1: 752.1300.
ranking.algos.rank_fit - INFO - 454/1000, Change: 0.0060302, Rating 1: 752.1300.
ranking.algos.rank_fit - INFO - 455/1000, Change: 0.0060302, Rating 1: 752.1300.
ranking.algos.rank_fit - INFO - 456/1000, Change: 0.0056408, Rating 1: 752.1300.
ranking.algos.rank_fit - INFO - 457/1000, Change: 0.0060302, Rating 1: 752.1300.
ranking.algos.rank_fit - INFO - 458/1000, Change: 0.0060302, Rating 1: 752.1300.
ranking.algos.rank_fit - INFO - 459/1000, Change: 0.0060302, Rating 1: 752.1300.
ranking.algos.rank_fit - INFO - 460/1000, Change: 0.0056408, Rating 1: 752.1300.
ranking.algos.rank_fit - INFO - 461/1000, Change: 0.0056408, Rating 1: 752.1300.
ranking.algos.rank_fit - INFO - 462/1000, Change: 0.0056408, Rating 1: 752.1300.
ranking.algos.rank_fit - INFO - 463/1000, Change: 0.0056408, Rating 1: 752.1300.
ranking.algos.rank_fit - INFO - 464/1000, Change: 0.0056408, Rating 1: 752.1300.
ranking.algos.rank_fit - INFO - 465/1000, Change: 0.0060302, Rating 1: 752.1300.
ranking.algos.rank_fit - INFO - 466/1000, Change: 0.0060302, Rating 1: 752.1300.
ranking.algos.rank_fit - INFO - 467/1000, Change: 0.0060302, Rating 1: 752.1300.
ranking.algos.rank_fit - INFO - 468/1000, Change: 0.0060302, Rating 1: 752.1300.
ranking.algos.rank_fit - INFO - 469/1000, Change: 0.0060302, Rating 1: 752.1300.
ranking.algos.rank_fit - INFO - 470/1000, Change: 0.0060302, Rating 1: 752.1300.
ranking.algos.rank_fit - INFO - 471/1000, Change: 0.0060302, Rating 1: 752.1300.
ranking.algos.rank_fit - INFO - 472/1000, Change: 0.0056408, Rating 1: 752.1300.
ranking.algos.rank_fit - INFO - 473/1000, Change: 0.0060302, Rating 1: 752.1300.
ranking.algos.rank_fit - INFO - 474/1000, Change: 0.0060302, Rating 1: 752.1300.
ranking.algos.rank_fit - INFO - 475/1000, Change: 0.0060302, Rating 1: 752.1300.
ranking.algos.rank_fit - INFO - 476/1000, Change: 0.0060302, Rating 1: 752.1300.
ranking.algos.rank_fit - INFO - 477/1000, Change: 0.0056408, Rating 1: 752.1300.
ranking.algos.rank_fit - INFO - 478/1000, Change: 0.0052223, Rating 1: 752.1300.
ranking.algos.rank_fit - INFO - 479/1000, Change: 0.0052223, Rating 1: 752.1300.
ranking.algos.rank_fit - INFO - 480/1000, Change: 0.0060302, Rating 1: 752.1300.
ranking.algos.rank_fit - INFO - 481/1000, Change: 0.0060302, Rating 1: 752.1300.
ranking.algos.rank_fit - INFO - 482/1000, Change: 0.0060302, Rating 1: 752.1300.
ranking.algos.rank_fit - INFO - 483/1000, Change: 0.0056408, Rating 1: 752.1300.
ranking.algos.rank_fit - INFO - 484/1000, Change: 0.0052223, Rating 1: 752.1300.
ranking.algos.rank_fit - INFO - 485/1000, Change: 0.0042640, Rating 1: 752.1300.
ranking.algos.rank_fit - INFO - 486/1000, Change: 0.0052223, Rating 1: 752.1300.
ranking.algos.rank_fit - INFO - 487/1000, Change: 0.0036927, Rating 1: 752.1300.
ranking.algos.rank_fit - INFO - 488/1000, Change: 0.0056408, Rating 1: 752.1300.
ranking.algos.rank_fit - INFO - 489/1000, Change: 0.0052223, Rating 1: 752.1300.
ranking.algos.rank_fit - INFO - 490/1000, Change: 0.0036927, Rating 1: 752.1300.
ranking.algos.rank_fit - INFO - 491/1000, Change: 0.0052223, Rating 1: 752.1300.
ranking.algos.rank_fit - INFO - 492/1000, Change: 0.0047673, Rating 1: 752.1300.
ranking.algos.rank_fit - INFO - 493/1000, Change: 0.0036927, Rating 1: 752.1300.
ranking.algos.rank_fit - INFO - 494/1000, Change: 0.0047673, Rating 1: 752.1300.
ranking.algos.rank_fit - INFO - 495/1000, Change: 0.0042640, Rating 1: 752.1300.
ranking.algos.rank_fit - INFO - 496/1000, Change: 0.0047673, Rating 1: 752.1300.
ranking.algos.rank_fit - INFO - 497/1000, Change: 0.0052223, Rating 1: 752.1300.
ranking.algos.rank_fit - INFO - 498/1000, Change: 0.0052223, Rating 1: 752.1300.
ranking.algos.rank_fit - INFO - 499/1000, Change: 0.0047673, Rating 1: 752.1300.
ranking.algos.rank_fit - INFO - 500/1000, Change: 0.0047673, Rating 1: 752.1300.
ranking.algos.rank_fit - INFO - 501/1000, Change: 0.0047673, Rating 1: 752.1300.
ranking.algos.rank_fit - INFO - 502/1000, Change: 0.0042640, Rating 1: 752.1300.
ranking.algos.rank_fit - INFO - 503/1000, Change: 0.0042640, Rating 1: 752.1300.
ranking.algos.rank_fit - INFO - 504/1000, Change: 0.0047673, Rating 1: 752.1300.
ranking.algos.rank_fit - INFO - 505/1000, Change: 0.0042640, Rating 1: 752.1300.
ranking.algos.rank_fit - INFO - 506/1000, Change: 0.0042640, Rating 1: 752.1300.
ranking.algos.rank_fit - INFO - 507/1000, Change: 0.0042640, Rating 1: 752.1300.
ranking.algos.rank_fit - INFO - 508/1000, Change: 0.0042640, Rating 1: 752.1300.
ranking.algos.rank_fit - INFO - 509/1000, Change: 0.0042640, Rating 1: 752.1300.
ranking.algos.rank_fit - INFO - 510/1000, Change: 0.0036927, Rating 1: 752.1300.
ranking.algos.rank_fit - INFO - 511/1000, Change: 0.0036927, Rating 1: 752.1300.
ranking.algos.rank_fit - INFO - 512/1000, Change: 0.0047673, Rating 1: 752.1300.
ranking.algos.rank_fit - INFO - 513/1000, Change: 0.0036927, Rating 1: 752.1300.
ranking.algos.rank_fit - INFO - 514/1000, Change: 0.0047673, Rating 1: 752.1300.
ranking.algos.rank_fit - INFO - 515/1000, Change: 0.0036927, Rating 1: 752.1300.
ranking.algos.rank_fit - INFO - 516/1000, Change: 0.0042640, Rating 1: 752.1300.
ranking.algos.rank_fit - INFO - 517/1000, Change: 0.0036927, Rating 1: 752.1300.
ranking.algos.rank_fit - INFO - 518/1000, Change: 0.0042640, Rating 1: 752.1300.
ranking.algos.rank_fit - INFO - 519/1000, Change: 0.0036927, Rating 1: 752.1300.
ranking.algos.rank_fit - INFO - 520/1000, Change: 0.0042640, Rating 1: 752.1300.
ranking.algos.rank_fit - INFO - 521/1000, Change: 0.0042640, Rating 1: 752.1300.
ranking.algos.rank_fit - INFO - 522/1000, Change: 0.0036927, Rating 1: 752.1300.
ranking.algos.rank_fit - INFO - 523/1000, Change: 0.0036927, Rating 1: 752.1300.
ranking.algos.rank_fit - INFO - 524/1000, Change: 0.0030151, Rating 1: 752.1300.
ranking.algos.rank_fit - INFO - 525/1000, Change: 0.0036927, Rating 1: 752.1300.
ranking.algos.rank_fit - INFO - 526/1000, Change: 0.0036927, Rating 1: 752.1300.
ranking.algos.rank_fit - INFO - 527/1000, Change: 0.0030151, Rating 1: 752.1300.
ranking.algos.rank_fit - INFO - 528/1000, Change: 0.0030151, Rating 1: 752.1300.
ranking.algos.rank_fit - INFO - 529/1000, Change: 0.0036927, Rating 1: 752.1300.
ranking.algos.rank_fit - INFO - 530/1000, Change: 0.0036927, Rating 1: 752.1300.
ranking.algos.rank_fit - INFO - 531/1000, Change: 0.0036927, Rating 1: 752.1300.
ranking.algos.rank_fit - INFO - 532/1000, Change: 0.0036927, Rating 1: 752.1300.
ranking.algos.rank_fit - INFO - 533/1000, Change: 0.0030151, Rating 1: 752.1300.
ranking.algos.rank_fit - INFO - 534/1000, Change: 0.0030151, Rating 1: 752.1300.
ranking.algos.rank_fit - INFO - 535/1000, Change: 0.0036927, Rating 1: 752.1300.
ranking.algos.rank_fit - INFO - 536/1000, Change: 0.0030151, Rating 1: 752.1300.
ranking.algos.rank_fit - INFO - 537/1000, Change: 0.0042640, Rating 1: 752.1300.
ranking.algos.rank_fit - INFO - 538/1000, Change: 0.0036927, Rating 1: 752.1300.
ranking.algos.rank_fit - INFO - 539/1000, Change: 0.0021320, Rating 1: 752.1300.
ranking.algos.rank_fit - INFO - 540/1000, Change: 0.0030151, Rating 1: 752.1300.
ranking.algos.rank_fit - INFO - 541/1000, Change: 0.0021320, Rating 1: 752.1300.
ranking.algos.rank_fit - INFO - 542/1000, Change: 0.0030151, Rating 1: 752.1300.
ranking.algos.rank_fit - INFO - 543/1000, Change: 0.0030151, Rating 1: 752.1300.
ranking.algos.rank_fit - INFO - 544/1000, Change: 0.0021320, Rating 1: 752.1300.
ranking.algos.rank_fit - INFO - 545/1000, Change: 0.0021320, Rating 1: 752.1300.
ranking.algos.rank_fit - INFO - 546/1000, Change: 0.0036927, Rating 1: 752.1300.
ranking.algos.rank_fit - INFO - 547/1000, Change: 0.0021320, Rating 1: 752.1300.
ranking.algos.rank_fit - INFO - 548/1000, Change: 0.0000000, Rating 1: 752.1300.
ranking.data_preparation - INFO - RMSE: 271.38, Max Sum Resid: 0.11
ranking.data_preparation - INFO - Applying Windmill algorithm on the EUF-2024-women dataset.
ranking.games_dataset - INFO - Calculating ratings by Windmill.
ranking.data_preparation - INFO - RMSE: 3.47, Max Sum Resid: 0.06
ranking.data_preparation - INFO - Applying Sigmoid algorithm on the EUF-2024-women dataset.
ranking.games_dataset - INFO - Calculating ratings by Sigmoid.
ranking.data_preparation - INFO - RMSE: 3.26, Max Sum Resid: 3.83
ranking.data_preparation - INFO - Output files saved to output/2024.
