ranking.data_preparation - INFO - Applying USAU algorithm on the EUF-2025-mixed dataset.
ranking.games_dataset - INFO - Calculating ratings by USAU.
ranking.algos.rank_fit - INFO - 1/1000, Change: 132.2268872, Rating 1: 250.2200.
ranking.algos.rank_fit - INFO - 2/1000, Change: 70.1863611, Rating 1: 377.2500.
ranking.algos.rank_fit - INFO - 3/1000, Change: 49.8738307, Rating 1: 455.6800.
ranking.algos.rank_fit - INFO - 4/1000, Change: 40.9337343, Rating 1: 515.0900.
ranking.algos.rank_fit - INFO - 5/1000, Change: 35.9943166, Rating 1: 566.5200.
ranking.algos.rank_fit - INFO - 6/1000, Change: 30.5968272, Rating 1: 613.8000.
ranking.algos.rank_fit - INFO - 7/1000, Change: 27.9972729, Rating 1: 658.1300.
ranking.algos.rank_fit - INFO - 8/1000, Change: 24.4726387, Rating 1: 699.7800.
ranking.algos.rank_fit - INFO - 9/1000, Change: 21.7530029, Rating 1: 738.7700.
ranking.algos.rank_fit - INFO - 10/1000, Change: 19.4867729, Rating 1: 775.1100.
ranking.algos.rank_fit - INFO - 11/1000, Change: 17.5820123, Rating 1: 808.8200.
ranking.algos.rank_fit - INFO - 12/1000, Change: 16.7742828, Rating 1: 839.9700.
ranking.algos.rank_fit - INFO - 13/1000, Change: 18.4431908, Rating 1: 868.6400.
ranking.algos.rank_fit - INFO - 14/1000, Change: 15.0925785, Rating 1: 894.9700.
ranking.algos.rank_fit - INFO - 15/1000, Change: 13.1660913, Rating 1: 919.1000.
ranking.algos.rank_fit - INFO - 16/1000, Change: 11.7221248, Rating 1: 941.1800.
ranking.algos.rank_fit - INFO - 17/1000, Change: 10.5272723, Rating 1: 961.4000.
ranking.algos.rank_fit - INFO - 18/1000, Change: 9.4968791, Rating 1: 979.9100.
ranking.algos.rank_fit - INFO - 19/1000, Change: 8.6282223, Rating 1: 996.8400.
ranking.algos.rank_fit - INFO - 20/1000, Change: 7.8207099, Rating 1: 1012.3200.
ranking.algos.rank_fit - INFO - 21/1000, Change: 7.1863448, Rating 1: 1026.4700.
ranking.algos.rank_fit - INFO - 22/1000, Change: 6.5614274, Rating 1: 1039.3900.
ranking.algos.rank_fit - INFO - 23/1000, Change: 5.9942787, Rating 1: 1051.2300.
ranking.algos.rank_fit - INFO - 24/1000, Change: 5.4761129, Rating 1: 1062.0700.
ranking.algos.rank_fit - INFO - 25/1000, Change: 5.0045289, Rating 1: 1072.0000.
ranking.algos.rank_fit - INFO - 26/1000, Change: 4.5729877, Rating 1: 1081.0900.
ranking.algos.rank_fit - INFO - 27/1000, Change: 4.1797083, Rating 1: 1089.4100.
ranking.algos.rank_fit - INFO - 28/1000, Change: 3.8204243, Rating 1: 1097.0200.
ranking.algos.rank_fit - INFO - 29/1000, Change: 3.4920707, Rating 1: 1103.9900.
ranking.algos.rank_fit - INFO - 30/1000, Change: 3.1920703, Rating 1: 1110.3600.
ranking.algos.rank_fit - INFO - 31/1000, Change: 2.9179627, Rating 1: 1116.1900.
ranking.algos.rank_fit - INFO - 32/1000, Change: 2.6678244, Rating 1: 1121.5300.
ranking.algos.rank_fit - INFO - 33/1000, Change: 2.4392331, Rating 1: 1126.4100.
ranking.algos.rank_fit - INFO - 34/1000, Change: 2.2293432, Rating 1: 1130.8800.
ranking.algos.rank_fit - INFO - 35/1000, Change: 2.0388216, Rating 1: 1134.9600.
ranking.algos.rank_fit - INFO - 36/1000, Change: 1.8635701, Rating 1: 1138.7000.
ranking.algos.rank_fit - INFO - 37/1000, Change: 1.7043322, Rating 1: 1142.1200.
ranking.algos.rank_fit - INFO - 38/1000, Change: 1.5578490, Rating 1: 1145.2400.
ranking.algos.rank_fit - INFO - 39/1000, Change: 1.4244444, Rating 1: 1148.1000.
ranking.algos.rank_fit - INFO - 40/1000, Change: 1.3027725, Rating 1: 1150.7100.
ranking.algos.rank_fit - INFO - 41/1000, Change: 1.1910865, Rating 1: 1153.1000.
ranking.algos.rank_fit - INFO - 42/1000, Change: 1.0896907, Rating 1: 1155.2900.
ranking.algos.rank_fit - INFO - 43/1000, Change: 0.9968127, Rating 1: 1157.2900.
ranking.algos.rank_fit - INFO - 44/1000, Change: 0.9101701, Rating 1: 1159.1200.
ranking.algos.rank_fit - INFO - 45/1000, Change: 0.8327529, Rating 1: 1160.7900.
ranking.algos.rank_fit - INFO - 46/1000, Change: 0.7607339, Rating 1: 1162.3200.
ranking.algos.rank_fit - INFO - 47/1000, Change: 0.6961021, Rating 1: 1163.7200.
ranking.algos.rank_fit - INFO - 48/1000, Change: 0.6367939, Rating 1: 1165.0000.
ranking.algos.rank_fit - INFO - 49/1000, Change: 0.5820985, Rating 1: 1166.1700.
ranking.algos.rank_fit - INFO - 50/1000, Change: 0.5318865, Rating 1: 1167.2400.
ranking.algos.rank_fit - INFO - 51/1000, Change: 0.4868463, Rating 1: 1168.2200.
ranking.algos.rank_fit - INFO - 52/1000, Change: 0.4448595, Rating 1: 1169.1100.
ranking.algos.rank_fit - INFO - 53/1000, Change: 0.4066940, Rating 1: 1169.9300.
ranking.algos.rank_fit - INFO - 54/1000, Change: 0.3731643, Rating 1: 1170.6800.
ranking.algos.rank_fit - INFO - 55/1000, Change: 0.3402324, Rating 1: 1171.3600.
ranking.algos.rank_fit - INFO - 56/1000, Change: 0.3114172, Rating 1: 1171.9900.
ranking.algos.rank_fit - INFO - 57/1000, Change: 0.2846900, Rating 1: 1172.5600.
ranking.algos.rank_fit - INFO - 58/1000, Change: 0.2596027, Rating 1: 1173.0800.
ranking.algos.rank_fit - INFO - 59/1000, Change: 0.2379414, Rating 1: 1173.5600.
ranking.algos.rank_fit - INFO - 60/1000, Change: 0.2186837, Rating 1: 1174.0000.
ranking.algos.rank_fit - INFO - 61/1000, Change: 0.1989245, Rating 1: 1174.4000.
ranking.algos.rank_fit - INFO - 62/1000, Change: 0.1817300, Rating 1: 1174.7600.
ranking.algos.rank_fit - INFO - 63/1000, Change: 0.1668204, Rating 1: 1175.1000.
ranking.algos.rank_fit - INFO - 64/1000, Change: 0.1526222, Rating 1: 1175.4000.
ranking.algos.rank_fit - INFO - 65/1000, Change: 0.1411131, Rating 1: 1175.6800.
ranking.algos.rank_fit - INFO - 66/1000, Change: 0.1289411, Rating 1: 1175.9400.
ranking.algos.rank_fit - INFO - 67/1000, Change: 0.1186619, Rating 1: 1176.1800.
ranking.algos.rank_fit - INFO - 68/1000, Change: 0.1080323, Rating 1: 1176.3900.
ranking.algos.rank_fit - INFO - 69/1000, Change: 0.0994177, Rating 1: 1176.5900.
ranking.algos.rank_fit - INFO - 70/1000, Change: 0.0901254, Rating 1: 1176.7700.
ranking.algos.rank_fit - INFO - 71/1000, Change: 0.0837623, Rating 1: 1176.9400.
ranking.algos.rank_fit - INFO - 72/1000, Change: 0.0764326, Rating 1: 1177.0900.
ranking.algos.rank_fit - INFO - 73/1000, Change: 0.0706879, Rating 1: 1177.2300.
ranking.algos.rank_fit - INFO - 74/1000, Change: 0.0642324, Rating 1: 1177.3600.
ranking.algos.rank_fit - INFO - 75/1000, Change: 0.0597846, Rating 1: 1177.4800.
ranking.algos.rank_fit - INFO - 76/1000, Change: 0.0540012, Rating 1: 1177.5900.
ranking.algos.rank_fit - INFO - 77/1000, Change: 0.0502574, Rating 1: 1177.6900.
ranking.algos.rank_fit - INFO - 78/1000, Change: 0.0454724, Rating 1: 1177.7800.
ranking.algos.rank_fit - INFO - 79/1000, Change: 0.0429553, Rating 1: 1177.8700.
ranking.algos.rank_fit - INFO - 80/1000, Change: 0.0383111, Rating 1: 1177.9500.
ranking.algos.rank_fit - INFO - 81/1000, Change: 0.0348730, Rating 1: 1178.0200.
ranking.algos.rank_fit - INFO - 82/1000, Change: 0.0320282, Rating 1: 1178.0900.
ranking.algos.rank_fit - INFO - 83/1000, Change: 0.0297842, Rating 1: 1178.1500.
ranking.algos.rank_fit - INFO - 84/1000, Change: 0.0267606, Rating 1: 1178.2000.
ranking.algos.rank_fit - INFO - 85/1000, Change: 0.0251447, Rating 1: 1178.2500.
ranking.algos.rank_fit - INFO - 86/1000, Change: 0.0233487, Rating 1: 1178.3000.
ranking.algos.rank_fit - INFO - 87/1000, Change: 0.0210223, Rating 1: 1178.3400.
ranking.algos.rank_fit - INFO - 88/1000, Change: 0.0196748, Rating 1: 1178.3800.
ranking.algos.rank_fit - INFO - 89/1000, Change: 0.0178705, Rating 1: 1178.4200.
ranking.algos.rank_fit - INFO - 90/1000, Change: 0.0168485, Rating 1: 1178.4500.
ranking.algos.rank_fit - INFO - 91/1000, Change: 0.0151338, Rating 1: 1178.4800.
ranking.algos.rank_fit - INFO - 92/1000, Change: 0.0141421, Rating 1: 1178.5100.
ranking.algos.rank_fit - INFO - 93/1000, Change: 0.0129515, Rating 1: 1178.5300.
ranking.algos.rank_fit - INFO - 94/1000, Change: 0.0115004, Rating 1: 1178.5500.
ranking.algos.rank_fit - INFO - 95/1000, Change: 0.0104727, Rating 1: 1178.5700.
ranking.algos.rank_fit - INFO - 96/1000, Change: 0.0100000, Rating 1: 1178.5900.
ranking.algos.rank_fit - INFO - 97/1000, Change: 0.0095038, Rating 1: 1178.6100.
ranking.algos.rank_fit - INFO - 98/1000, Change: 0.0087988, Rating 1: 1178.6300.
ranking.algos.rank_fit - INFO - 99/1000, Change: 0.0084242, Rating 1: 1178.6400.
ranking.algos.rank_fit - INFO - 100/1000, Change: 0.0071842, Rating 1: 1178.6500.
ranking.algos.rank_fit - INFO - 101/1000, Change: 0.0067202, Rating 1: 1178.6600.
ranking.algos.rank_fit - INFO - 102/1000, Change: 0.0064758, Rating 1: 1178.6700.
ranking.algos.rank_fit - INFO - 103/1000, Change: 0.0064758, Rating 1: 1178.6800.
ranking.algos.rank_fit - INFO - 104/1000, Change: 0.0059568, Rating 1: 1178.6900.
ranking.algos.rank_fit - INFO - 105/1000, Change: 0.0050800, Rating 1: 1178.7000.
ranking.algos.rank_fit - INFO - 106/1000, Change: 0.0053882, Rating 1: 1178.7100.
ranking.algos.rank_fit - INFO - 107/1000, Change: 0.0053882, Rating 1: 1178.7200.
ranking.algos.rank_fit - INFO - 108/1000, Change: 0.0047519, Rating 1: 1178.7300.
ranking.algos.rank_fit - INFO - 109/1000, Change: 0.0035921, Rating 1: 1178.7400.
ranking.algos.rank_fit - INFO - 110/1000, Change: 0.0040161, Rating 1: 1178.7400.
ranking.algos.rank_fit - INFO - 111/1000, Change: 0.0040161, Rating 1: 1178.7500.
ranking.algos.rank_fit - INFO - 112/1000, Change: 0.0031109, Rating 1: 1178.7500.
ranking.algos.rank_fit - INFO - 113/1000, Change: 0.0025400, Rating 1: 1178.7600.
ranking.algos.rank_fit - INFO - 114/1000, Change: 0.0025400, Rating 1: 1178.7600.
ranking.algos.rank_fit - INFO - 115/1000, Change: 0.0031109, Rating 1: 1178.7600.
ranking.algos.rank_fit - INFO - 116/1000, Change: 0.0025400, Rating 1: 1178.7700.
ranking.algos.rank_fit - INFO - 117/1000, Change: 0.0017961, Rating 1: 1178.7700.
ranking.algos.rank_fit - INFO - 118/1000, Change: 0.0000000, Rating 1: 1178.7700.
ranking.data_preparation - INFO - RMSE: 284.59, Max Sum Resid: 0.11
ranking.data_preparation - INFO - Applying Windmill algorithm on the EUF-2025-mixed dataset.
ranking.games_dataset - INFO - Calculating ratings by Windmill.
ranking.data_preparation - INFO - RMSE: 3.46, Max Sum Resid: 0.06
ranking.data_preparation - INFO - Applying Sigmoid algorithm on the EUF-2025-mixed dataset.
ranking.games_dataset - INFO - Calculating ratings by Sigmoid.
ranking.data_preparation - INFO - RMSE: 3.38, Max Sum Resid: 3.97
ranking.data_preparation - INFO - Output files saved to output/2025.
ranking.data_preparation - INFO - Applying USAU algorithm on the EUF-2025-open dataset.
ranking.games_dataset - INFO - Calculating ratings by USAU.
ranking.algos.rank_fit - INFO - 1/1000, Change: 125.1554590, Rating 1: 279.7000.
ranking.algos.rank_fit - INFO - 2/1000, Change: 62.2667993, Rating 1: 412.5200.
ranking.algos.rank_fit - INFO - 3/1000, Change: 39.6480667, Rating 1: 480.7200.
ranking.algos.rank_fit - INFO - 4/1000, Change: 29.8095286, Rating 1: 519.8500.
ranking.algos.rank_fit - INFO - 5/1000, Change: 24.6068813, Rating 1: 545.4300.
ranking.algos.rank_fit - INFO - 6/1000, Change: 21.6181145, Rating 1: 564.3200.
ranking.algos.rank_fit - INFO - 7/1000, Change: 20.9682577, Rating 1: 579.6300.
ranking.algos.rank_fit - INFO - 8/1000, Change: 18.1891042, Rating 1: 592.7700.
ranking.algos.rank_fit - INFO - 9/1000, Change: 16.2158266, Rating 1: 604.3800.
ranking.algos.rank_fit - INFO - 10/1000, Change: 14.8158309, Rating 1: 614.8900.
ranking.algos.rank_fit - INFO - 11/1000, Change: 13.4601677, Rating 1: 638.1200.
ranking.algos.rank_fit - INFO - 12/1000, Change: 12.2674896, Rating 1: 659.2700.
ranking.algos.rank_fit - INFO - 13/1000, Change: 11.2033848, Rating 1: 678.5700.
ranking.algos.rank_fit - INFO - 14/1000, Change: 10.2470606, Rating 1: 696.2000.
ranking.algos.rank_fit - INFO - 15/1000, Change: 9.3837109, Rating 1: 712.3400.
ranking.algos.rank_fit - INFO - 16/1000, Change: 8.6808502, Rating 1: 727.1300.
ranking.algos.rank_fit - INFO - 17/1000, Change: 7.9688673, Rating 1: 740.6800.
ranking.algos.rank_fit - INFO - 18/1000, Change: 7.3212940, Rating 1: 753.1100.
ranking.algos.rank_fit - INFO - 19/1000, Change: 6.7292804, Rating 1: 764.5200.
ranking.algos.rank_fit - INFO - 20/1000, Change: 6.1863667, Rating 1: 775.0000.
ranking.algos.rank_fit - INFO - 21/1000, Change: 5.6883789, Rating 1: 784.6300.
ranking.algos.rank_fit - INFO - 22/1000, Change: 5.2315126, Rating 1: 793.4900.
ranking.algos.rank_fit - INFO - 23/1000, Change: 4.8123896, Rating 1: 801.6300.
ranking.algos.rank_fit - INFO - 24/1000, Change: 4.4262985, Rating 1: 809.1200.
ranking.algos.rank_fit - INFO - 25/1000, Change: 4.0708971, Rating 1: 816.0000.
ranking.algos.rank_fit - INFO - 26/1000, Change: 3.7451888, Rating 1: 822.3400.
ranking.algos.rank_fit - INFO - 27/1000, Change: 3.4466932, Rating 1: 828.1700.
ranking.algos.rank_fit - INFO - 28/1000, Change: 3.1680431, Rating 1: 833.5300.
ranking.algos.rank_fit - INFO - 29/1000, Change: 2.9152649, Rating 1: 838.4600.
ranking.algos.rank_fit - INFO - 30/1000, Change: 2.6823830, Rating 1: 843.0000.
ranking.algos.rank_fit - INFO - 31/1000, Change: 2.4755036, Rating 1: 847.1800.
ranking.algos.rank_fit - INFO - 32/1000, Change: 2.2803881, Rating 1: 851.0200.
ranking.algos.rank_fit - INFO - 33/1000, Change: 2.0984395, Rating 1: 854.5500.
ranking.algos.rank_fit - INFO - 34/1000, Change: 1.9325897, Rating 1: 857.8000.
ranking.algos.rank_fit - INFO - 35/1000, Change: 1.7795778, Rating 1: 860.7900.
ranking.algos.rank_fit - INFO - 36/1000, Change: 1.6538074, Rating 1: 863.5500.
ranking.algos.rank_fit - INFO - 37/1000, Change: 1.5184093, Rating 1: 866.0900.
ranking.algos.rank_fit - INFO - 38/1000, Change: 1.3963003, Rating 1: 868.4200.
ranking.algos.rank_fit - INFO - 39/1000, Change: 1.2851388, Rating 1: 870.5700.
ranking.algos.rank_fit - INFO - 40/1000, Change: 1.1832736, Rating 1: 872.5500.
ranking.algos.rank_fit - INFO - 41/1000, Change: 1.0877012, Rating 1: 874.3700.
ranking.algos.rank_fit - INFO - 42/1000, Change: 1.0022671, Rating 1: 876.0500.
ranking.algos.rank_fit - INFO - 43/1000, Change: 0.9212409, Rating 1: 877.5900.
ranking.algos.rank_fit - INFO - 44/1000, Change: 0.8480244, Rating 1: 879.0100.
ranking.algos.rank_fit - INFO - 45/1000, Change: 0.7793607, Rating 1: 880.3200.
ranking.algos.rank_fit - INFO - 46/1000, Change: 0.7175527, Rating 1: 881.5200.
ranking.algos.rank_fit - INFO - 47/1000, Change: 0.6615821, Rating 1: 882.6300.
ranking.algos.rank_fit - INFO - 48/1000, Change: 0.6088962, Rating 1: 883.6500.
ranking.algos.rank_fit - INFO - 49/1000, Change: 0.5593205, Rating 1: 884.5800.
ranking.algos.rank_fit - INFO - 50/1000, Change: 0.5144724, Rating 1: 885.4400.
ranking.algos.rank_fit - INFO - 51/1000, Change: 0.4739454, Rating 1: 886.2400.
ranking.algos.rank_fit - INFO - 52/1000, Change: 0.4366262, Rating 1: 886.9700.
ranking.algos.rank_fit - INFO - 53/1000, Change: 0.4012518, Rating 1: 887.6400.
ranking.algos.rank_fit - INFO - 54/1000, Change: 0.3695124, Rating 1: 888.2600.
ranking.algos.rank_fit - INFO - 55/1000, Change: 0.3408990, Rating 1: 888.8300.
ranking.algos.rank_fit - INFO - 56/1000, Change: 0.3142379, Rating 1: 889.3600.
ranking.algos.rank_fit - INFO - 57/1000, Change: 0.2867054, Rating 1: 889.8400.
ranking.algos.rank_fit - INFO - 58/1000, Change: 0.2641969, Rating 1: 890.2800.
ranking.algos.rank_fit - INFO - 59/1000, Change: 0.2440194, Rating 1: 890.6900.
ranking.algos.rank_fit - INFO - 60/1000, Change: 0.2243982, Rating 1: 891.0700.
ranking.algos.rank_fit - INFO - 61/1000, Change: 0.2069841, Rating 1: 891.4200.
ranking.algos.rank_fit - INFO - 62/1000, Change: 0.1895209, Rating 1: 891.7400.
ranking.algos.rank_fit - INFO - 63/1000, Change: 0.1755252, Rating 1: 892.0300.
ranking.algos.rank_fit - INFO - 64/1000, Change: 0.1599148, Rating 1: 892.3000.
ranking.algos.rank_fit - INFO - 65/1000, Change: 0.1483240, Rating 1: 892.5500.
ranking.algos.rank_fit - INFO - 66/1000, Change: 0.1368255, Rating 1: 892.7800.
ranking.algos.rank_fit - INFO - 67/1000, Change: 0.1254326, Rating 1: 892.9900.
ranking.algos.rank_fit - INFO - 68/1000, Change: 0.1153256, Rating 1: 893.1800.
ranking.algos.rank_fit - INFO - 69/1000, Change: 0.1059445, Rating 1: 893.3600.
ranking.algos.rank_fit - INFO - 70/1000, Change: 0.0978558, Rating 1: 893.5200.
ranking.algos.rank_fit - INFO - 71/1000, Change: 0.0910045, Rating 1: 893.6700.
ranking.algos.rank_fit - INFO - 72/1000, Change: 0.0830480, Rating 1: 893.8100.
ranking.algos.rank_fit - INFO - 73/1000, Change: 0.0759984, Rating 1: 893.9400.
ranking.algos.rank_fit - INFO - 74/1000, Change: 0.0702161, Rating 1: 894.0600.
ranking.algos.rank_fit - INFO - 75/1000, Change: 0.0647840, Rating 1: 894.1700.
ranking.algos.rank_fit - INFO - 76/1000, Change: 0.0597976, Rating 1: 894.2700.
ranking.algos.rank_fit - INFO - 77/1000, Change: 0.0552954, Rating 1: 894.3600.
ranking.algos.rank_fit - INFO - 78/1000, Change: 0.0506922, Rating 1: 894.4500.
ranking.algos.rank_fit - INFO - 79/1000, Change: 0.0463844, Rating 1: 894.5300.
ranking.algos.rank_fit - INFO - 80/1000, Change: 0.0422116, Rating 1: 894.6000.
ranking.algos.rank_fit - INFO - 81/1000, Change: 0.0390027, Rating 1: 894.6600.
ranking.algos.rank_fit - INFO - 82/1000, Change: 0.0351188, Rating 1: 894.7200.
ranking.algos.rank_fit - INFO - 83/1000, Change: 0.0333939, Rating 1: 894.7800.
ranking.algos.rank_fit - INFO - 84/1000, Change: 0.0295420, Rating 1: 894.8300.
ranking.algos.rank_fit - INFO - 85/1000, Change: 0.0281769, Rating 1: 894.8700.
ranking.algos.rank_fit - INFO - 86/1000, Change: 0.0254654, Rating 1: 894.9100.
ranking.algos.rank_fit - INFO - 87/1000, Change: 0.0241209, Rating 1: 894.9500.
ranking.algos.rank_fit - INFO - 88/1000, Change: 0.0224283, Rating 1: 894.9900.
ranking.algos.rank_fit - INFO - 89/1000, Change: 0.0200756, Rating 1: 895.0200.
ranking.algos.rank_fit - INFO - 90/1000, Change: 0.0194625, Rating 1: 895.0500.
ranking.algos.rank_fit - INFO - 91/1000, Change: 0.0170561, Rating 1: 895.0800.
ranking.algos.rank_fit - INFO - 92/1000, Change: 0.0162369, Rating 1: 895.1100.
ranking.algos.rank_fit - INFO - 93/1000, Change: 0.0142489, Rating 1: 895.1400.
ranking.algos.rank_fit - INFO - 94/1000, Change: 0.0130268, Rating 1: 895.1600.
ranking.algos.rank_fit - INFO - 95/1000, Change: 0.0120605, Rating 1: 895.1800.
ranking.algos.rank_fit - INFO - 96/1000, Change: 0.0118065, Rating 1: 895.2000.
ranking.algos.rank_fit - INFO - 97/1000, Change: 0.0104447, Rating 1: 895.2200.
ranking.algos.rank_fit - INFO - 98/1000, Change: 0.0110096, Rating 1: 895.2300.
ranking.algos.rank_fit - INFO - 99/1000, Change: 0.0100000, Rating 1: 895.2500.
ranking.algos.rank_fit - INFO - 100/1000, Change: 0.0096922, Rating 1: 895.2600.
ranking.algos.rank_fit - INFO - 101/1000, Change: 0.0085280, Rating 1: 895.2800.
ranking.algos.rank_fit - INFO - 102/1000, Change: 0.0073855, Rating 1: 895.2900.
ranking.algos.rank_fit - INFO - 103/1000, Change: 0.0075879, Rating 1: 895.3000.
ranking.algos.rank_fit - INFO - 104/1000, Change: 0.0073855, Rating 1: 895.3100.
ranking.algos.rank_fit - INFO - 105/1000, Change: 0.0067420, Rating 1: 895.3200.
ranking.algos.rank_fit - INFO - 106/1000, Change: 0.0057735, Rating 1: 895.3300.
ranking.algos.rank_fit - INFO - 107/1000, Change: 0.0060302, Rating 1: 895.3300.
ranking.algos.rank_fit - INFO - 108/1000, Change: 0.0060302, Rating 1: 895.3400.
ranking.algos.rank_fit - INFO - 109/1000, Change: 0.0049237, Rating 1: 895.3500.
ranking.algos.rank_fit - INFO - 110/1000, Change: 0.0049237, Rating 1: 895.3600.
ranking.algos.rank_fit - INFO - 111/1000, Change: 0.0042640, Rating 1: 895.3600.
ranking.algos.rank_fit - INFO - 112/1000, Change: 0.0042640, Rating 1: 895.3700.
ranking.algos.rank_fit - INFO - 113/1000, Change: 0.0034816, Rating 1: 895.3700.
ranking.algos.rank_fit - INFO - 114/1000, Change: 0.0030151, Rating 1: 895.3700.
ranking.algos.rank_fit - INFO - 115/1000, Change: 0.0034816, Rating 1: 895.3800.
ranking.algos.rank_fit - INFO - 116/1000, Change: 0.0030151, Rating 1: 895.3800.
ranking.algos.rank_fit - INFO - 117/1000, Change: 0.0024618, Rating 1: 895.3800.
ranking.algos.rank_fit - INFO - 118/1000, Change: 0.0017408, Rating 1: 895.3800.
ranking.algos.rank_fit - INFO - 119/1000, Change: 0.0017408, Rating 1: 895.3800.
ranking.algos.rank_fit - INFO - 120/1000, Change: 0.0000000, Rating 1: 895.3800.
ranking.data_preparation - INFO - RMSE: 273.26, Max Sum Resid: 0.10
ranking.data_preparation - INFO - Applying Windmill algorithm on the EUF-2025-open dataset.
ranking.games_dataset - INFO - Calculating ratings by Windmill.
ranking.data_preparation - INFO - RMSE: 3.27, Max Sum Resid: 0.07
ranking.data_preparation - INFO - Applying Sigmoid algorithm on the EUF-2025-open dataset.
ranking.games_dataset - INFO - Calculating ratings by Sigmoid.
ranking.data_preparation - INFO - RMSE: 3.21, Max Sum Resid: 5.78
ranking.data_preparation - INFO - Output files saved to output/2025.
ranking.data_preparation - INFO - Applying USAU algorithm on the EUF-2025-women dataset.
ranking.games_dataset - INFO - Calculating ratings by USAU.
ranking.algos.rank_fit - INFO - 1/1000, Change: 136.8643931, Rating 1: 262.0500.
ranking.algos.rank_fit - INFO - 2/1000, Change: 68.3134513, Rating 1: 397.9300.
ranking.algos.rank_fit - INFO - 3/1000, Change: 46.4784252, Rating 1: 485.0600.
ranking.algos.rank_fit - INFO - 4/1000, Change: 36.8091528, Rating 1: 549.0800.
ranking.algos.rank_fit - INFO - 5/1000, Change: 31.8415619, Rating 1: 599.6500.
ranking.algos.rank_fit - INFO - 6/1000, Change: 27.3991767, Rating 1: 641.0800.
ranking.algos.rank_fit - INFO - 7/1000, Change: 25.3323145, Rating 1: 676.3400.
ranking.algos.rank_fit - INFO - 8/1000, Change: 22.0442229, Rating 1: 706.5500.
ranking.algos.rank_fit - INFO - 9/1000, Change: 19.0007086, Rating 1: 732.5500.
ranking.algos.rank_fit - INFO - 10/1000, Change: 17.7393262, Rating 1: 755.0000.
ranking.algos.rank_fit - INFO - 11/1000, Change: 15.1715179, Rating 1: 774.4300.
ranking.algos.rank_fit - INFO - 12/1000, Change: 13.1372367, Rating 1: 791.2700.
ranking.algos.rank_fit - INFO - 13/1000, Change: 11.4303256, Rating 1: 805.8800.
ranking.algos.rank_fit - INFO - 14/1000, Change: 9.9655967, Rating 1: 818.5500.
ranking.algos.rank_fit - INFO - 15/1000, Change: 8.6980662, Rating 1: 829.5700.
ranking.algos.rank_fit - INFO - 16/1000, Change: 7.5956011, Rating 1: 839.1400.
ranking.algos.rank_fit - INFO - 17/1000, Change: 6.6379615, Rating 1: 847.4700.
ranking.algos.rank_fit - INFO - 18/1000, Change: 5.8030437, Rating 1: 854.7300.
ranking.algos.rank_fit - INFO - 19/1000, Change: 5.0734636, Rating 1: 861.0600.
ranking.algos.rank_fit - INFO - 20/1000, Change: 4.4366873, Rating 1: 866.5800.
ranking.algos.rank_fit - INFO - 21/1000, Change: 3.8798060, Rating 1: 871.3900.
ranking.algos.rank_fit - INFO - 22/1000, Change: 3.3930370, Rating 1: 875.5900.
ranking.algos.rank_fit - INFO - 23/1000, Change: 2.9675776, Rating 1: 879.2600.
ranking.algos.rank_fit - INFO - 24/1000, Change: 2.5942072, Rating 1: 882.4700.
ranking.algos.rank_fit - INFO - 25/1000, Change: 2.2706570, Rating 1: 885.2700.
ranking.algos.rank_fit - INFO - 26/1000, Change: 1.9852414, Rating 1: 887.7200.
ranking.algos.rank_fit - INFO - 27/1000, Change: 1.7383437, Rating 1: 889.8600.
ranking.algos.rank_fit - INFO - 28/1000, Change: 1.5198702, Rating 1: 891.7300.
ranking.algos.rank_fit - INFO - 29/1000, Change: 1.3295509, Rating 1: 893.3700.
ranking.algos.rank_fit - INFO - 30/1000, Change: 1.2247970, Rating 1: 894.8000.
ranking.algos.rank_fit - INFO - 31/1000, Change: 1.0760215, Rating 1: 896.0500.
ranking.algos.rank_fit - INFO - 32/1000, Change: 0.9466608, Rating 1: 897.1400.
ranking.algos.rank_fit - INFO - 33/1000, Change: 0.8345225, Rating 1: 898.1000.
ranking.algos.rank_fit - INFO - 34/1000, Change: 0.7361197, Rating 1: 898.9400.
ranking.algos.rank_fit - INFO - 35/1000, Change: 0.6487338, Rating 1: 899.6700.
ranking.algos.rank_fit - INFO - 36/1000, Change: 0.5724994, Rating 1: 900.3100.
ranking.algos.rank_fit - INFO - 37/1000, Change: 0.5045460, Rating 1: 900.8800.
ranking.algos.rank_fit - INFO - 38/1000, Change: 0.4440345, Rating 1: 901.3700.
ranking.algos.rank_fit - INFO - 39/1000, Change: 0.3931426, Rating 1: 901.8100.
ranking.algos.rank_fit - INFO - 40/1000, Change: 0.3452294, Rating 1: 902.1900.
ranking.algos.rank_fit - INFO - 41/1000, Change: 0.3039188, Rating 1: 902.5300.
ranking.algos.rank_fit - INFO - 42/1000, Change: 0.2703187, Rating 1: 902.8200.
ranking.algos.rank_fit - INFO - 43/1000, Change: 0.2370420, Rating 1: 903.0800.
ranking.algos.rank_fit - INFO - 44/1000, Change: 0.2094039, Rating 1: 903.3100.
ranking.algos.rank_fit - INFO - 45/1000, Change: 0.1836664, Rating 1: 903.5200.
ranking.algos.rank_fit - INFO - 46/1000, Change: 0.1629588, Rating 1: 903.7000.
ranking.algos.rank_fit - INFO - 47/1000, Change: 0.1434108, Rating 1: 903.8600.
ranking.algos.rank_fit - INFO - 48/1000, Change: 0.1277150, Rating 1: 904.0000.
ranking.algos.rank_fit - INFO - 49/1000, Change: 0.1101766, Rating 1: 904.1200.
ranking.algos.rank_fit - INFO - 50/1000, Change: 0.0984322, Rating 1: 904.2300.
ranking.algos.rank_fit - INFO - 51/1000, Change: 0.0865063, Rating 1: 904.3200.
ranking.algos.rank_fit - INFO - 52/1000, Change: 0.0762306, Rating 1: 904.4000.
ranking.algos.rank_fit - INFO - 53/1000, Change: 0.0665415, Rating 1: 904.4700.
ranking.algos.rank_fit - INFO - 54/1000, Change: 0.0593951, Rating 1: 904.5400.
ranking.algos.rank_fit - INFO - 55/1000, Change: 0.0511534, Rating 1: 904.6000.
ranking.algos.rank_fit - INFO - 56/1000, Change: 0.0464878, Rating 1: 904.6500.
ranking.algos.rank_fit - INFO - 57/1000, Change: 0.0411636, Rating 1: 904.6900.
ranking.algos.rank_fit - INFO - 58/1000, Change: 0.0356682, Rating 1: 904.7300.
ranking.algos.rank_fit - INFO - 59/1000, Change: 0.0315348, Rating 1: 904.7600.
ranking.algos.rank_fit - INFO - 60/1000, Change: 0.0268742, Rating 1: 904.7900.
ranking.algos.rank_fit - INFO - 61/1000, Change: 0.0235702, Rating 1: 904.8200.
ranking.algos.rank_fit - INFO - 62/1000, Change: 0.0214735, Rating 1: 904.8400.
ranking.algos.rank_fit - INFO - 63/1000, Change: 0.0185592, Rating 1: 904.8600.
ranking.algos.rank_fit - INFO - 64/1000, Change: 0.0181046, Rating 1: 904.8800.
ranking.algos.rank_fit - INFO - 65/1000, Change: 0.0164992, Rating 1: 904.9000.
ranking.algos.rank_fit - INFO - 66/1000, Change: 0.0122474, Rating 1: 904.9100.
ranking.algos.rank_fit - INFO - 67/1000, Change: 0.0120185, Rating 1: 904.9200.
ranking.algos.rank_fit - INFO - 68/1000, Change: 0.0108012, Rating 1: 904.9300.
ranking.algos.rank_fit - INFO - 69/1000, Change: 0.0091287, Rating 1: 904.9400.
ranking.algos.rank_fit - INFO - 70/1000, Change: 0.0102740, Rating 1: 904.9500.
ranking.algos.rank_fit - INFO - 71/1000, Change: 0.0070711, Rating 1: 904.9600.
ranking.algos.rank_fit - INFO - 72/1000, Change: 0.0074536, Rating 1: 904.9700.
ranking.algos.rank_fit - INFO - 73/1000, Change: 0.0066667, Rating 1: 904.9700.
ranking.algos.rank_fit - INFO - 74/1000, Change: 0.0066667, Rating 1: 904.9800.
ranking.algos.rank_fit - INFO - 75/1000, Change: 0.0052705, Rating 1: 904.9800.
ranking.algos.rank_fit - INFO - 76/1000, Change: 0.0047140, Rating 1: 904.9800.
ranking.algos.rank_fit - INFO - 77/1000, Change: 0.0040825, Rating 1: 904.9800.
ranking.algos.rank_fit - INFO - 78/1000, Change: 0.0033333, Rating 1: 904.9800.
ranking.algos.rank_fit - INFO - 79/1000, Change: 0.0000000, Rating 1: 904.9800.
ranking.data_preparation - INFO - RMSE: 290.98, Max Sum Resid: 0.10
ranking.data_preparation - INFO - Applying Windmill algorithm on the EUF-2025-women dataset.
ranking.games_dataset - INFO - Calculating ratings by Windmill.
ranking.data_preparation - INFO - RMSE: 3.86, Max Sum Resid: 0.03
ranking.data_preparation - INFO - Applying Sigmoid algorithm on the EUF-2025-women dataset.
ranking.games_dataset - INFO - Calculating ratings by Sigmoid.
ranking.data_preparation - INFO - RMSE: 3.79, Max Sum Resid: 2.42
ranking.data_preparation - INFO - Output files saved to output/2025.
