ranking.data_preparation - INFO - Applying USAU algorithm on the EUF-2025-mixed dataset.
ranking.games_dataset - INFO - Calculating ratings by USAU.
ranking.algos.rank_fit - INFO - 1/1000, Change: 135.1730527, Rating 1: 273.1800.
ranking.algos.rank_fit - INFO - 2/1000, Change: 74.4021041, Rating 1: 409.0700.
ranking.algos.rank_fit - INFO - 3/1000, Change: 51.4662548, Rating 1: 507.3600.
ranking.algos.rank_fit - INFO - 4/1000, Change: 41.2697965, Rating 1: 564.5100.
ranking.algos.rank_fit - INFO - 5/1000, Change: 35.0185039, Rating 1: 597.6100.
ranking.algos.rank_fit - INFO - 6/1000, Change: 30.2257510, Rating 1: 617.3800.
ranking.algos.rank_fit - INFO - 7/1000, Change: 25.8930265, Rating 1: 662.9900.
ranking.algos.rank_fit - INFO - 8/1000, Change: 23.5274225, Rating 1: 706.6700.
ranking.algos.rank_fit - INFO - 9/1000, Change: 23.3038798, Rating 1: 747.9800.
ranking.algos.rank_fit - INFO - 10/1000, Change: 20.7781572, Rating 1: 786.8500.
ranking.algos.rank_fit - INFO - 11/1000, Change: 17.9792314, Rating 1: 823.2600.
ranking.algos.rank_fit - INFO - 12/1000, Change: 16.0459528, Rating 1: 857.2300.
ranking.algos.rank_fit - INFO - 13/1000, Change: 14.5089729, Rating 1: 888.8000.
ranking.algos.rank_fit - INFO - 14/1000, Change: 13.1620570, Rating 1: 918.0700.
ranking.algos.rank_fit - INFO - 15/1000, Change: 11.9770013, Rating 1: 945.1900.
ranking.algos.rank_fit - INFO - 16/1000, Change: 11.7703323, Rating 1: 970.2900.
ranking.algos.rank_fit - INFO - 17/1000, Change: 10.4117305, Rating 1: 993.4800.
ranking.algos.rank_fit - INFO - 18/1000, Change: 9.4055347, Rating 1: 1014.8800.
ranking.algos.rank_fit - INFO - 19/1000, Change: 8.5644449, Rating 1: 1034.6100.
ranking.algos.rank_fit - INFO - 20/1000, Change: 7.8603379, Rating 1: 1052.7800.
ranking.algos.rank_fit - INFO - 21/1000, Change: 7.2116479, Rating 1: 1069.5100.
ranking.algos.rank_fit - INFO - 22/1000, Change: 6.6227524, Rating 1: 1084.9300.
ranking.algos.rank_fit - INFO - 23/1000, Change: 6.0921729, Rating 1: 1099.1500.
ranking.algos.rank_fit - INFO - 24/1000, Change: 5.6029128, Rating 1: 1112.2500.
ranking.algos.rank_fit - INFO - 25/1000, Change: 5.1568501, Rating 1: 1124.3100.
ranking.algos.rank_fit - INFO - 26/1000, Change: 4.7465829, Rating 1: 1135.4200.
ranking.algos.rank_fit - INFO - 27/1000, Change: 4.3724604, Rating 1: 1145.6500.
ranking.algos.rank_fit - INFO - 28/1000, Change: 4.0275863, Rating 1: 1155.0700.
ranking.algos.rank_fit - INFO - 29/1000, Change: 3.7101377, Rating 1: 1163.7400.
ranking.algos.rank_fit - INFO - 30/1000, Change: 3.4179365, Rating 1: 1171.7300.
ranking.algos.rank_fit - INFO - 31/1000, Change: 3.1499985, Rating 1: 1179.0800.
ranking.algos.rank_fit - INFO - 32/1000, Change: 2.9013348, Rating 1: 1185.8400.
ranking.algos.rank_fit - INFO - 33/1000, Change: 2.6741103, Rating 1: 1192.0700.
ranking.algos.rank_fit - INFO - 34/1000, Change: 2.4648218, Rating 1: 1197.8000.
ranking.algos.rank_fit - INFO - 35/1000, Change: 2.2713684, Rating 1: 1203.0700.
ranking.algos.rank_fit - INFO - 36/1000, Change: 2.0938406, Rating 1: 1207.9300.
ranking.algos.rank_fit - INFO - 37/1000, Change: 1.9423339, Rating 1: 1212.4000.
ranking.algos.rank_fit - INFO - 38/1000, Change: 1.7950657, Rating 1: 1216.5100.
ranking.algos.rank_fit - INFO - 39/1000, Change: 1.6604069, Rating 1: 1220.3100.
ranking.algos.rank_fit - INFO - 40/1000, Change: 1.5334737, Rating 1: 1223.8200.
ranking.algos.rank_fit - INFO - 41/1000, Change: 1.4179210, Rating 1: 1227.0600.
ranking.algos.rank_fit - INFO - 42/1000, Change: 1.3098697, Rating 1: 1230.0600.
ranking.algos.rank_fit - INFO - 43/1000, Change: 1.2114917, Rating 1: 1232.8300.
ranking.algos.rank_fit - INFO - 44/1000, Change: 1.1199499, Rating 1: 1235.3900.
ranking.algos.rank_fit - INFO - 45/1000, Change: 1.0350786, Rating 1: 1237.7500.
ranking.algos.rank_fit - INFO - 46/1000, Change: 0.9574827, Rating 1: 1239.9400.
ranking.algos.rank_fit - INFO - 47/1000, Change: 0.8863174, Rating 1: 1241.9600.
ranking.algos.rank_fit - INFO - 48/1000, Change: 0.8192129, Rating 1: 1243.8300.
ranking.algos.rank_fit - INFO - 49/1000, Change: 0.7578146, Rating 1: 1245.5600.
ranking.algos.rank_fit - INFO - 50/1000, Change: 0.7009749, Rating 1: 1247.1500.
ranking.algos.rank_fit - INFO - 51/1000, Change: 0.6487549, Rating 1: 1248.6300.
ranking.algos.rank_fit - INFO - 52/1000, Change: 0.6002073, Rating 1: 1249.9900.
ranking.algos.rank_fit - INFO - 53/1000, Change: 0.5544037, Rating 1: 1251.2500.
ranking.algos.rank_fit - INFO - 54/1000, Change: 0.5150894, Rating 1: 1252.4200.
ranking.algos.rank_fit - INFO - 55/1000, Change: 0.4751713, Rating 1: 1253.5000.
ranking.algos.rank_fit - INFO - 56/1000, Change: 0.4403408, Rating 1: 1254.5000.
ranking.algos.rank_fit - INFO - 57/1000, Change: 0.4066760, Rating 1: 1255.4200.
ranking.algos.rank_fit - INFO - 58/1000, Change: 0.3769809, Rating 1: 1256.2800.
ranking.algos.rank_fit - INFO - 59/1000, Change: 0.3484810, Rating 1: 1257.0700.
ranking.algos.rank_fit - INFO - 60/1000, Change: 0.3225130, Rating 1: 1257.8000.
ranking.algos.rank_fit - INFO - 61/1000, Change: 0.2981651, Rating 1: 1258.4700.
ranking.algos.rank_fit - INFO - 62/1000, Change: 0.2755571, Rating 1: 1259.1000.
ranking.algos.rank_fit - INFO - 63/1000, Change: 0.2554909, Rating 1: 1259.6800.
ranking.algos.rank_fit - INFO - 64/1000, Change: 0.2360756, Rating 1: 1260.2100.
ranking.algos.rank_fit - INFO - 65/1000, Change: 0.2198392, Rating 1: 1260.7100.
ranking.algos.rank_fit - INFO - 66/1000, Change: 0.2026050, Rating 1: 1261.1700.
ranking.algos.rank_fit - INFO - 67/1000, Change: 0.1872067, Rating 1: 1261.5900.
ranking.algos.rank_fit - INFO - 68/1000, Change: 0.1734302, Rating 1: 1261.9800.
ranking.algos.rank_fit - INFO - 69/1000, Change: 0.1601371, Rating 1: 1262.3400.
ranking.algos.rank_fit - INFO - 70/1000, Change: 0.1486935, Rating 1: 1262.6800.
ranking.algos.rank_fit - INFO - 71/1000, Change: 0.1369707, Rating 1: 1262.9900.
ranking.algos.rank_fit - INFO - 72/1000, Change: 0.1269819, Rating 1: 1263.2800.
ranking.algos.rank_fit - INFO - 73/1000, Change: 0.1174319, Rating 1: 1263.5400.
ranking.algos.rank_fit - INFO - 74/1000, Change: 0.1089753, Rating 1: 1263.7900.
ranking.algos.rank_fit - INFO - 75/1000, Change: 0.1015370, Rating 1: 1264.0200.
ranking.algos.rank_fit - INFO - 76/1000, Change: 0.0931430, Rating 1: 1264.2300.
ranking.algos.rank_fit - INFO - 77/1000, Change: 0.0855969, Rating 1: 1264.4200.
ranking.algos.rank_fit - INFO - 78/1000, Change: 0.0798016, Rating 1: 1264.6000.
ranking.algos.rank_fit - INFO - 79/1000, Change: 0.0747190, Rating 1: 1264.7700.
ranking.algos.rank_fit - INFO - 80/1000, Change: 0.0678772, Rating 1: 1264.9200.
ranking.algos.rank_fit - INFO - 81/1000, Change: 0.0631491, Rating 1: 1265.0600.
ranking.algos.rank_fit - INFO - 82/1000, Change: 0.0587678, Rating 1: 1265.2000.
ranking.algos.rank_fit - INFO - 83/1000, Change: 0.0545044, Rating 1: 1265.3200.
ranking.algos.rank_fit - INFO - 84/1000, Change: 0.0500244, Rating 1: 1265.4300.
ranking.algos.rank_fit - INFO - 85/1000, Change: 0.0472668, Rating 1: 1265.5400.
ranking.algos.rank_fit - INFO - 86/1000, Change: 0.0429407, Rating 1: 1265.6400.
ranking.algos.rank_fit - INFO - 87/1000, Change: 0.0394783, Rating 1: 1265.7300.
ranking.algos.rank_fit - INFO - 88/1000, Change: 0.0362579, Rating 1: 1265.8100.
ranking.algos.rank_fit - INFO - 89/1000, Change: 0.0344645, Rating 1: 1265.8900.
ranking.algos.rank_fit - INFO - 90/1000, Change: 0.0308023, Rating 1: 1265.9600.
ranking.algos.rank_fit - INFO - 91/1000, Change: 0.0293008, Rating 1: 1266.0300.
ranking.algos.rank_fit - INFO - 92/1000, Change: 0.0266870, Rating 1: 1266.0900.
ranking.algos.rank_fit - INFO - 93/1000, Change: 0.0251338, Rating 1: 1266.1500.
ranking.algos.rank_fit - INFO - 94/1000, Change: 0.0230058, Rating 1: 1266.2000.
ranking.algos.rank_fit - INFO - 95/1000, Change: 0.0211268, Rating 1: 1266.2500.
ranking.algos.rank_fit - INFO - 96/1000, Change: 0.0194435, Rating 1: 1266.2900.
ranking.algos.rank_fit - INFO - 97/1000, Change: 0.0188058, Rating 1: 1266.3300.
ranking.algos.rank_fit - INFO - 98/1000, Change: 0.0180784, Rating 1: 1266.3700.
ranking.algos.rank_fit - INFO - 99/1000, Change: 0.0152219, Rating 1: 1266.4000.
ranking.algos.rank_fit - INFO - 100/1000, Change: 0.0147334, Rating 1: 1266.4300.
ranking.algos.rank_fit - INFO - 101/1000, Change: 0.0139686, Rating 1: 1266.4600.
ranking.algos.rank_fit - INFO - 102/1000, Change: 0.0133435, Rating 1: 1266.4900.
ranking.algos.rank_fit - INFO - 103/1000, Change: 0.0125911, Rating 1: 1266.5200.
ranking.algos.rank_fit - INFO - 104/1000, Change: 0.0107067, Rating 1: 1266.5400.
ranking.algos.rank_fit - INFO - 105/1000, Change: 0.0094997, Rating 1: 1266.5600.
ranking.algos.rank_fit - INFO - 106/1000, Change: 0.0092394, Rating 1: 1266.5800.
ranking.algos.rank_fit - INFO - 107/1000, Change: 0.0094997, Rating 1: 1266.6000.
ranking.algos.rank_fit - INFO - 108/1000, Change: 0.0089715, Rating 1: 1266.6200.
ranking.algos.rank_fit - INFO - 109/1000, Change: 0.0074898, Rating 1: 1266.6400.
ranking.algos.rank_fit - INFO - 110/1000, Change: 0.0076509, Rating 1: 1266.6500.
ranking.algos.rank_fit - INFO - 111/1000, Change: 0.0068075, Rating 1: 1266.6600.
ranking.algos.rank_fit - INFO - 112/1000, Change: 0.0068075, Rating 1: 1266.6700.
ranking.algos.rank_fit - INFO - 113/1000, Change: 0.0058435, Rating 1: 1266.6800.
ranking.algos.rank_fit - INFO - 114/1000, Change: 0.0062470, Rating 1: 1266.6900.
ranking.algos.rank_fit - INFO - 115/1000, Change: 0.0056309, Rating 1: 1266.7000.
ranking.algos.rank_fit - INFO - 116/1000, Change: 0.0049386, Rating 1: 1266.7100.
ranking.algos.rank_fit - INFO - 117/1000, Change: 0.0044173, Rating 1: 1266.7200.
ranking.algos.rank_fit - INFO - 118/1000, Change: 0.0051797, Rating 1: 1266.7300.
ranking.algos.rank_fit - INFO - 119/1000, Change: 0.0041320, Rating 1: 1266.7400.
ranking.algos.rank_fit - INFO - 120/1000, Change: 0.0046852, Rating 1: 1266.7500.
ranking.algos.rank_fit - INFO - 121/1000, Change: 0.0041320, Rating 1: 1266.7600.
ranking.algos.rank_fit - INFO - 122/1000, Change: 0.0034922, Rating 1: 1266.7600.
ranking.algos.rank_fit - INFO - 123/1000, Change: 0.0038255, Rating 1: 1266.7700.
ranking.algos.rank_fit - INFO - 124/1000, Change: 0.0027050, Rating 1: 1266.7700.
ranking.algos.rank_fit - INFO - 125/1000, Change: 0.0031235, Rating 1: 1266.7800.
ranking.algos.rank_fit - INFO - 126/1000, Change: 0.0027050, Rating 1: 1266.7800.
ranking.algos.rank_fit - INFO - 127/1000, Change: 0.0027050, Rating 1: 1266.7800.
ranking.algos.rank_fit - INFO - 128/1000, Change: 0.0022086, Rating 1: 1266.7800.
ranking.algos.rank_fit - INFO - 129/1000, Change: 0.0031235, Rating 1: 1266.7900.
ranking.algos.rank_fit - INFO - 130/1000, Change: 0.0031235, Rating 1: 1266.7900.
ranking.algos.rank_fit - INFO - 131/1000, Change: 0.0000000, Rating 1: 1266.7900.
ranking.data_preparation - INFO - RMSE: 305.40, Max Sum Resid: 0.14
ranking.data_preparation - INFO - Applying Windmill algorithm on the EUF-2025-mixed dataset.
ranking.games_dataset - INFO - Calculating ratings by Windmill.
ranking.data_preparation - INFO - RMSE: 3.60, Max Sum Resid: 0.11
ranking.data_preparation - INFO - Applying Sigmoid algorithm on the EUF-2025-mixed dataset.
ranking.games_dataset - INFO - Calculating ratings by Sigmoid.
ranking.data_preparation - INFO - RMSE: 3.54, Max Sum Resid: 4.43
ranking.data_preparation - INFO - Output files saved to output/2025.
ranking.data_preparation - INFO - Applying USAU algorithm on the EUF-2025-open dataset.
ranking.games_dataset - INFO - Calculating ratings by USAU.
ranking.algos.rank_fit - INFO - 1/1000, Change: 125.1554590, Rating 1: 279.7000.
ranking.algos.rank_fit - INFO - 2/1000, Change: 62.2667993, Rating 1: 412.5200.
ranking.algos.rank_fit - INFO - 3/1000, Change: 39.6480667, Rating 1: 480.7200.
ranking.algos.rank_fit - INFO - 4/1000, Change: 29.8095286, Rating 1: 519.8500.
ranking.algos.rank_fit - INFO - 5/1000, Change: 24.6068813, Rating 1: 545.4300.
ranking.algos.rank_fit - INFO - 6/1000, Change: 21.6181145, Rating 1: 564.3200.
ranking.algos.rank_fit - INFO - 7/1000, Change: 20.9682577, Rating 1: 579.6300.
ranking.algos.rank_fit - INFO - 8/1000, Change: 18.1891042, Rating 1: 592.7700.
ranking.algos.rank_fit - INFO - 9/1000, Change: 16.2158266, Rating 1: 604.3800.
ranking.algos.rank_fit - INFO - 10/1000, Change: 14.8158309, Rating 1: 614.8900.
ranking.algos.rank_fit - INFO - 11/1000, Change: 13.4601677, Rating 1: 638.1200.
ranking.algos.rank_fit - INFO - 12/1000, Change: 12.2674896, Rating 1: 659.2700.
ranking.algos.rank_fit - INFO - 13/1000, Change: 11.2033848, Rating 1: 678.5700.
ranking.algos.rank_fit - INFO - 14/1000, Change: 10.2470606, Rating 1: 696.2000.
ranking.algos.rank_fit - INFO - 15/1000, Change: 9.3837109, Rating 1: 712.3400.
ranking.algos.rank_fit - INFO - 16/1000, Change: 8.6808502, Rating 1: 727.1300.
ranking.algos.rank_fit - INFO - 17/1000, Change: 7.9688673, Rating 1: 740.6800.
ranking.algos.rank_fit - INFO - 18/1000, Change: 7.3212940, Rating 1: 753.1100.
ranking.algos.rank_fit - INFO - 19/1000, Change: 6.7292804, Rating 1: 764.5200.
ranking.algos.rank_fit - INFO - 20/1000, Change: 6.1863667, Rating 1: 775.0000.
ranking.algos.rank_fit - INFO - 21/1000, Change: 5.6883789, Rating 1: 784.6300.
ranking.algos.rank_fit - INFO - 22/1000, Change: 5.2315126, Rating 1: 793.4900.
ranking.algos.rank_fit - INFO - 23/1000, Change: 4.8123896, Rating 1: 801.6300.
ranking.algos.rank_fit - INFO - 24/1000, Change: 4.4262985, Rating 1: 809.1200.
ranking.algos.rank_fit - INFO - 25/1000, Change: 4.0708971, Rating 1: 816.0000.
ranking.algos.rank_fit - INFO - 26/1000, Change: 3.7451888, Rating 1: 822.3400.
ranking.algos.rank_fit - INFO - 27/1000, Change: 3.4466932, Rating 1: 828.1700.
ranking.algos.rank_fit - INFO - 28/1000, Change: 3.1680431, Rating 1: 833.5300.
ranking.algos.rank_fit - INFO - 29/1000, Change: 2.9152649, Rating 1: 838.4600.
ranking.algos.rank_fit - INFO - 30/1000, Change: 2.6823830, Rating 1: 843.0000.
ranking.algos.rank_fit - INFO - 31/1000, Change: 2.4755036, Rating 1: 847.1800.
ranking.algos.rank_fit - INFO - 32/1000, Change: 2.2803881, Rating 1: 851.0200.
ranking.algos.rank_fit - INFO - 33/1000, Change: 2.0984395, Rating 1: 854.5500.
ranking.algos.rank_fit - INFO - 34/1000, Change: 1.9325897, Rating 1: 857.8000.
ranking.algos.rank_fit - INFO - 35/1000, Change: 1.7795778, Rating 1: 860.7900.
ranking.algos.rank_fit - INFO - 36/1000, Change: 1.6538074, Rating 1: 863.5500.
ranking.algos.rank_fit - INFO - 37/1000, Change: 1.5184093, Rating 1: 866.0900.
ranking.algos.rank_fit - INFO - 38/1000, Change: 1.3963003, Rating 1: 868.4200.
ranking.algos.rank_fit - INFO - 39/1000, Change: 1.2851388, Rating 1: 870.5700.
ranking.algos.rank_fit - INFO - 40/1000, Change: 1.1832736, Rating 1: 872.5500.
ranking.algos.rank_fit - INFO - 41/1000, Change: 1.0877012, Rating 1: 874.3700.
ranking.algos.rank_fit - INFO - 42/1000, Change: 1.0022671, Rating 1: 876.0500.
ranking.algos.rank_fit - INFO - 43/1000, Change: 0.9212409, Rating 1: 877.5900.
ranking.algos.rank_fit - INFO - 44/1000, Change: 0.8480244, Rating 1: 879.0100.
ranking.algos.rank_fit - INFO - 45/1000, Change: 0.7793607, Rating 1: 880.3200.
ranking.algos.rank_fit - INFO - 46/1000, Change: 0.7175527, Rating 1: 881.5200.
ranking.algos.rank_fit - INFO - 47/1000, Change: 0.6615821, Rating 1: 882.6300.
ranking.algos.rank_fit - INFO - 48/1000, Change: 0.6088962, Rating 1: 883.6500.
ranking.algos.rank_fit - INFO - 49/1000, Change: 0.5593205, Rating 1: 884.5800.
ranking.algos.rank_fit - INFO - 50/1000, Change: 0.5144724, Rating 1: 885.4400.
ranking.algos.rank_fit - INFO - 51/1000, Change: 0.4739454, Rating 1: 886.2400.
ranking.algos.rank_fit - INFO - 52/1000, Change: 0.4366262, Rating 1: 886.9700.
ranking.algos.rank_fit - INFO - 53/1000, Change: 0.4012518, Rating 1: 887.6400.
ranking.algos.rank_fit - INFO - 54/1000, Change: 0.3695124, Rating 1: 888.2600.
ranking.algos.rank_fit - INFO - 55/1000, Change: 0.3408990, Rating 1: 888.8300.
ranking.algos.rank_fit - INFO - 56/1000, Change: 0.3142379, Rating 1: 889.3600.
ranking.algos.rank_fit - INFO - 57/1000, Change: 0.2867054, Rating 1: 889.8400.
ranking.algos.rank_fit - INFO - 58/1000, Change: 0.2641969, Rating 1: 890.2800.
ranking.algos.rank_fit - INFO - 59/1000, Change: 0.2440194, Rating 1: 890.6900.
ranking.algos.rank_fit - INFO - 60/1000, Change: 0.2243982, Rating 1: 891.0700.
ranking.algos.rank_fit - INFO - 61/1000, Change: 0.2069841, Rating 1: 891.4200.
ranking.algos.rank_fit - INFO - 62/1000, Change: 0.1895209, Rating 1: 891.7400.
ranking.algos.rank_fit - INFO - 63/1000, Change: 0.1755252, Rating 1: 892.0300.
ranking.algos.rank_fit - INFO - 64/1000, Change: 0.1599148, Rating 1: 892.3000.
ranking.algos.rank_fit - INFO - 65/1000, Change: 0.1483240, Rating 1: 892.5500.
ranking.algos.rank_fit - INFO - 66/1000, Change: 0.1368255, Rating 1: 892.7800.
ranking.algos.rank_fit - INFO - 67/1000, Change: 0.1254326, Rating 1: 892.9900.
ranking.algos.rank_fit - INFO - 68/1000, Change: 0.1153256, Rating 1: 893.1800.
ranking.algos.rank_fit - INFO - 69/1000, Change: 0.1059445, Rating 1: 893.3600.
ranking.algos.rank_fit - INFO - 70/1000, Change: 0.0978558, Rating 1: 893.5200.
ranking.algos.rank_fit - INFO - 71/1000, Change: 0.0910045, Rating 1: 893.6700.
ranking.algos.rank_fit - INFO - 72/1000, Change: 0.0830480, Rating 1: 893.8100.
ranking.algos.rank_fit - INFO - 73/1000, Change: 0.0759984, Rating 1: 893.9400.
ranking.algos.rank_fit - INFO - 74/1000, Change: 0.0702161, Rating 1: 894.0600.
ranking.algos.rank_fit - INFO - 75/1000, Change: 0.0647840, Rating 1: 894.1700.
ranking.algos.rank_fit - INFO - 76/1000, Change: 0.0597976, Rating 1: 894.2700.
ranking.algos.rank_fit - INFO - 77/1000, Change: 0.0552954, Rating 1: 894.3600.
ranking.algos.rank_fit - INFO - 78/1000, Change: 0.0506922, Rating 1: 894.4500.
ranking.algos.rank_fit - INFO - 79/1000, Change: 0.0463844, Rating 1: 894.5300.
ranking.algos.rank_fit - INFO - 80/1000, Change: 0.0422116, Rating 1: 894.6000.
ranking.algos.rank_fit - INFO - 81/1000, Change: 0.0390027, Rating 1: 894.6600.
ranking.algos.rank_fit - INFO - 82/1000, Change: 0.0351188, Rating 1: 894.7200.
ranking.algos.rank_fit - INFO - 83/1000, Change: 0.0333939, Rating 1: 894.7800.
ranking.algos.rank_fit - INFO - 84/1000, Change: 0.0295420, Rating 1: 894.8300.
ranking.algos.rank_fit - INFO - 85/1000, Change: 0.0281769, Rating 1: 894.8700.
ranking.algos.rank_fit - INFO - 86/1000, Change: 0.0254654, Rating 1: 894.9100.
ranking.algos.rank_fit - INFO - 87/1000, Change: 0.0241209, Rating 1: 894.9500.
ranking.algos.rank_fit - INFO - 88/1000, Change: 0.0224283, Rating 1: 894.9900.
ranking.algos.rank_fit - INFO - 89/1000, Change: 0.0200756, Rating 1: 895.0200.
ranking.algos.rank_fit - INFO - 90/1000, Change: 0.0194625, Rating 1: 895.0500.
ranking.algos.rank_fit - INFO - 91/1000, Change: 0.0170561, Rating 1: 895.0800.
ranking.algos.rank_fit - INFO - 92/1000, Change: 0.0162369, Rating 1: 895.1100.
ranking.algos.rank_fit - INFO - 93/1000, Change: 0.0142489, Rating 1: 895.1400.
ranking.algos.rank_fit - INFO - 94/1000, Change: 0.0130268, Rating 1: 895.1600.
ranking.algos.rank_fit - INFO - 95/1000, Change: 0.0120605, Rating 1: 895.1800.
ranking.algos.rank_fit - INFO - 96/1000, Change: 0.0118065, Rating 1: 895.2000.
ranking.algos.rank_fit - INFO - 97/1000, Change: 0.0104447, Rating 1: 895.2200.
ranking.algos.rank_fit - INFO - 98/1000, Change: 0.0110096, Rating 1: 895.2300.
ranking.algos.rank_fit - INFO - 99/1000, Change: 0.0100000, Rating 1: 895.2500.
ranking.algos.rank_fit - INFO - 100/1000, Change: 0.0096922, Rating 1: 895.2600.
ranking.algos.rank_fit - INFO - 101/1000, Change: 0.0085280, Rating 1: 895.2800.
ranking.algos.rank_fit - INFO - 102/1000, Change: 0.0073855, Rating 1: 895.2900.
ranking.algos.rank_fit - INFO - 103/1000, Change: 0.0075879, Rating 1: 895.3000.
ranking.algos.rank_fit - INFO - 104/1000, Change: 0.0073855, Rating 1: 895.3100.
ranking.algos.rank_fit - INFO - 105/1000, Change: 0.0067420, Rating 1: 895.3200.
ranking.algos.rank_fit - INFO - 106/1000, Change: 0.0057735, Rating 1: 895.3300.
ranking.algos.rank_fit - INFO - 107/1000, Change: 0.0060302, Rating 1: 895.3300.
ranking.algos.rank_fit - INFO - 108/1000, Change: 0.0060302, Rating 1: 895.3400.
ranking.algos.rank_fit - INFO - 109/1000, Change: 0.0049237, Rating 1: 895.3500.
ranking.algos.rank_fit - INFO - 110/1000, Change: 0.0049237, Rating 1: 895.3600.
ranking.algos.rank_fit - INFO - 111/1000, Change: 0.0042640, Rating 1: 895.3600.
ranking.algos.rank_fit - INFO - 112/1000, Change: 0.0042640, Rating 1: 895.3700.
ranking.algos.rank_fit - INFO - 113/1000, Change: 0.0034816, Rating 1: 895.3700.
ranking.algos.rank_fit - INFO - 114/1000, Change: 0.0030151, Rating 1: 895.3700.
ranking.algos.rank_fit - INFO - 115/1000, Change: 0.0034816, Rating 1: 895.3800.
ranking.algos.rank_fit - INFO - 116/1000, Change: 0.0030151, Rating 1: 895.3800.
ranking.algos.rank_fit - INFO - 117/1000, Change: 0.0024618, Rating 1: 895.3800.
ranking.algos.rank_fit - INFO - 118/1000, Change: 0.0017408, Rating 1: 895.3800.
ranking.algos.rank_fit - INFO - 119/1000, Change: 0.0017408, Rating 1: 895.3800.
ranking.algos.rank_fit - INFO - 120/1000, Change: 0.0000000, Rating 1: 895.3800.
ranking.data_preparation - INFO - RMSE: 273.26, Max Sum Resid: 0.10
ranking.data_preparation - INFO - Applying Windmill algorithm on the EUF-2025-open dataset.
ranking.games_dataset - INFO - Calculating ratings by Windmill.
ranking.data_preparation - INFO - RMSE: 3.27, Max Sum Resid: 0.07
ranking.data_preparation - INFO - Applying Sigmoid algorithm on the EUF-2025-open dataset.
ranking.games_dataset - INFO - Calculating ratings by Sigmoid.
ranking.data_preparation - INFO - RMSE: 3.21, Max Sum Resid: 5.78
ranking.data_preparation - INFO - Output files saved to output/2025.
ranking.data_preparation - INFO - Applying USAU algorithm on the EUF-2025-women dataset.
ranking.games_dataset - INFO - Calculating ratings by USAU.
ranking.algos.rank_fit - INFO - 1/1000, Change: 136.8643931, Rating 1: 262.0500.
ranking.algos.rank_fit - INFO - 2/1000, Change: 68.3134513, Rating 1: 397.9300.
ranking.algos.rank_fit - INFO - 3/1000, Change: 46.4784252, Rating 1: 485.0600.
ranking.algos.rank_fit - INFO - 4/1000, Change: 36.8091528, Rating 1: 549.0800.
ranking.algos.rank_fit - INFO - 5/1000, Change: 31.8415619, Rating 1: 599.6500.
ranking.algos.rank_fit - INFO - 6/1000, Change: 27.3991767, Rating 1: 641.0800.
ranking.algos.rank_fit - INFO - 7/1000, Change: 25.3323145, Rating 1: 676.3400.
ranking.algos.rank_fit - INFO - 8/1000, Change: 22.0442229, Rating 1: 706.5500.
ranking.algos.rank_fit - INFO - 9/1000, Change: 19.0007086, Rating 1: 732.5500.
ranking.algos.rank_fit - INFO - 10/1000, Change: 17.7393262, Rating 1: 755.0000.
ranking.algos.rank_fit - INFO - 11/1000, Change: 15.1715179, Rating 1: 774.4300.
ranking.algos.rank_fit - INFO - 12/1000, Change: 13.1372367, Rating 1: 791.2700.
ranking.algos.rank_fit - INFO - 13/1000, Change: 11.4303256, Rating 1: 805.8800.
ranking.algos.rank_fit - INFO - 14/1000, Change: 9.9655967, Rating 1: 818.5500.
ranking.algos.rank_fit - INFO - 15/1000, Change: 8.6980662, Rating 1: 829.5700.
ranking.algos.rank_fit - INFO - 16/1000, Change: 7.5956011, Rating 1: 839.1400.
ranking.algos.rank_fit - INFO - 17/1000, Change: 6.6379615, Rating 1: 847.4700.
ranking.algos.rank_fit - INFO - 18/1000, Change: 5.8030437, Rating 1: 854.7300.
ranking.algos.rank_fit - INFO - 19/1000, Change: 5.0734636, Rating 1: 861.0600.
ranking.algos.rank_fit - INFO - 20/1000, Change: 4.4366873, Rating 1: 866.5800.
ranking.algos.rank_fit - INFO - 21/1000, Change: 3.8798060, Rating 1: 871.3900.
ranking.algos.rank_fit - INFO - 22/1000, Change: 3.3930370, Rating 1: 875.5900.
ranking.algos.rank_fit - INFO - 23/1000, Change: 2.9675776, Rating 1: 879.2600.
ranking.algos.rank_fit - INFO - 24/1000, Change: 2.5942072, Rating 1: 882.4700.
ranking.algos.rank_fit - INFO - 25/1000, Change: 2.2706570, Rating 1: 885.2700.
ranking.algos.rank_fit - INFO - 26/1000, Change: 1.9852414, Rating 1: 887.7200.
ranking.algos.rank_fit - INFO - 27/1000, Change: 1.7383437, Rating 1: 889.8600.
ranking.algos.rank_fit - INFO - 28/1000, Change: 1.5198702, Rating 1: 891.7300.
ranking.algos.rank_fit - INFO - 29/1000, Change: 1.3295509, Rating 1: 893.3700.
ranking.algos.rank_fit - INFO - 30/1000, Change: 1.2247970, Rating 1: 894.8000.
ranking.algos.rank_fit - INFO - 31/1000, Change: 1.0760215, Rating 1: 896.0500.
ranking.algos.rank_fit - INFO - 32/1000, Change: 0.9466608, Rating 1: 897.1400.
ranking.algos.rank_fit - INFO - 33/1000, Change: 0.8345225, Rating 1: 898.1000.
ranking.algos.rank_fit - INFO - 34/1000, Change: 0.7361197, Rating 1: 898.9400.
ranking.algos.rank_fit - INFO - 35/1000, Change: 0.6487338, Rating 1: 899.6700.
ranking.algos.rank_fit - INFO - 36/1000, Change: 0.5724994, Rating 1: 900.3100.
ranking.algos.rank_fit - INFO - 37/1000, Change: 0.5045460, Rating 1: 900.8800.
ranking.algos.rank_fit - INFO - 38/1000, Change: 0.4440345, Rating 1: 901.3700.
ranking.algos.rank_fit - INFO - 39/1000, Change: 0.3931426, Rating 1: 901.8100.
ranking.algos.rank_fit - INFO - 40/1000, Change: 0.3452294, Rating 1: 902.1900.
ranking.algos.rank_fit - INFO - 41/1000, Change: 0.3039188, Rating 1: 902.5300.
ranking.algos.rank_fit - INFO - 42/1000, Change: 0.2703187, Rating 1: 902.8200.
ranking.algos.rank_fit - INFO - 43/1000, Change: 0.2370420, Rating 1: 903.0800.
ranking.algos.rank_fit - INFO - 44/1000, Change: 0.2094039, Rating 1: 903.3100.
ranking.algos.rank_fit - INFO - 45/1000, Change: 0.1836664, Rating 1: 903.5200.
ranking.algos.rank_fit - INFO - 46/1000, Change: 0.1629588, Rating 1: 903.7000.
ranking.algos.rank_fit - INFO - 47/1000, Change: 0.1434108, Rating 1: 903.8600.
ranking.algos.rank_fit - INFO - 48/1000, Change: 0.1277150, Rating 1: 904.0000.
ranking.algos.rank_fit - INFO - 49/1000, Change: 0.1101766, Rating 1: 904.1200.
ranking.algos.rank_fit - INFO - 50/1000, Change: 0.0984322, Rating 1: 904.2300.
ranking.algos.rank_fit - INFO - 51/1000, Change: 0.0865063, Rating 1: 904.3200.
ranking.algos.rank_fit - INFO - 52/1000, Change: 0.0762306, Rating 1: 904.4000.
ranking.algos.rank_fit - INFO - 53/1000, Change: 0.0665415, Rating 1: 904.4700.
ranking.algos.rank_fit - INFO - 54/1000, Change: 0.0593951, Rating 1: 904.5400.
ranking.algos.rank_fit - INFO - 55/1000, Change: 0.0511534, Rating 1: 904.6000.
ranking.algos.rank_fit - INFO - 56/1000, Change: 0.0464878, Rating 1: 904.6500.
ranking.algos.rank_fit - INFO - 57/1000, Change: 0.0411636, Rating 1: 904.6900.
ranking.algos.rank_fit - INFO - 58/1000, Change: 0.0356682, Rating 1: 904.7300.
ranking.algos.rank_fit - INFO - 59/1000, Change: 0.0315348, Rating 1: 904.7600.
ranking.algos.rank_fit - INFO - 60/1000, Change: 0.0268742, Rating 1: 904.7900.
ranking.algos.rank_fit - INFO - 61/1000, Change: 0.0235702, Rating 1: 904.8200.
ranking.algos.rank_fit - INFO - 62/1000, Change: 0.0214735, Rating 1: 904.8400.
ranking.algos.rank_fit - INFO - 63/1000, Change: 0.0185592, Rating 1: 904.8600.
ranking.algos.rank_fit - INFO - 64/1000, Change: 0.0181046, Rating 1: 904.8800.
ranking.algos.rank_fit - INFO - 65/1000, Change: 0.0164992, Rating 1: 904.9000.
ranking.algos.rank_fit - INFO - 66/1000, Change: 0.0122474, Rating 1: 904.9100.
ranking.algos.rank_fit - INFO - 67/1000, Change: 0.0120185, Rating 1: 904.9200.
ranking.algos.rank_fit - INFO - 68/1000, Change: 0.0108012, Rating 1: 904.9300.
ranking.algos.rank_fit - INFO - 69/1000, Change: 0.0091287, Rating 1: 904.9400.
ranking.algos.rank_fit - INFO - 70/1000, Change: 0.0102740, Rating 1: 904.9500.
ranking.algos.rank_fit - INFO - 71/1000, Change: 0.0070711, Rating 1: 904.9600.
ranking.algos.rank_fit - INFO - 72/1000, Change: 0.0074536, Rating 1: 904.9700.
ranking.algos.rank_fit - INFO - 73/1000, Change: 0.0066667, Rating 1: 904.9700.
ranking.algos.rank_fit - INFO - 74/1000, Change: 0.0066667, Rating 1: 904.9800.
ranking.algos.rank_fit - INFO - 75/1000, Change: 0.0052705, Rating 1: 904.9800.
ranking.algos.rank_fit - INFO - 76/1000, Change: 0.0047140, Rating 1: 904.9800.
ranking.algos.rank_fit - INFO - 77/1000, Change: 0.0040825, Rating 1: 904.9800.
ranking.algos.rank_fit - INFO - 78/1000, Change: 0.0033333, Rating 1: 904.9800.
ranking.algos.rank_fit - INFO - 79/1000, Change: 0.0000000, Rating 1: 904.9800.
ranking.data_preparation - INFO - RMSE: 290.98, Max Sum Resid: 0.10
ranking.data_preparation - INFO - Applying Windmill algorithm on the EUF-2025-women dataset.
ranking.games_dataset - INFO - Calculating ratings by Windmill.
ranking.data_preparation - INFO - RMSE: 3.86, Max Sum Resid: 0.03
ranking.data_preparation - INFO - Applying Sigmoid algorithm on the EUF-2025-women dataset.
ranking.games_dataset - INFO - Calculating ratings by Sigmoid.
ranking.data_preparation - INFO - RMSE: 3.79, Max Sum Resid: 2.42
ranking.data_preparation - INFO - Output files saved to output/2025.
